<html>
<body>
<pre>
<h1>µVision3 Build Log</h1>
<h2>Project:</h2>
G:\Template\USER\template.uv2
Project File Date:  12/26/2018

<h2>Output:</h2>
Build target 'Template'
compiling main.c...
main.c(43): warning:  #550-D: variable "flag" was set but never used
main.c(46): warning:  #177-D: variable "play_s" was declared but never referenced
main.c(505): warning:  #1-D: last line of file ends without a newline
linking...
Program Size: Code=19952 RO-data=1072 RW-data=60 ZI-data=1836  
FromELF: creating hex file...
"..\OBJ\template.axf" - 0 Error(s), 3 Warning(s).
Build target 'Template'
compiling main.c...
main.c(119): error:  #20: identifier "flag" is undefined
main.c(504): warning:  #1-D: last line of file ends without a newline
Target not created
Build target 'Template'
compiling main.c...
main.c(43): warning:  #550-D: variable "flag" was set but never used
main.c(505): warning:  #1-D: last line of file ends without a newline
linking...
Program Size: Code=19948 RO-data=1068 RW-data=60 ZI-data=1836  
FromELF: creating hex file...
"..\OBJ\template.axf" - 0 Error(s), 2 Warning(s).
Build target 'Template'
compiling main.c...
main.c(43): warning:  #550-D: variable "flag" was set but never used
linking...
Program Size: Code=19948 RO-data=1068 RW-data=60 ZI-data=1836  
FromELF: creating hex file...
"..\OBJ\template.axf" - 0 Error(s), 1 Warning(s).
Build target 'Template'
linking...
Program Size: Code=19948 RO-data=1068 RW-data=60 ZI-data=1836  
FromELF: creating hex file...
"..\OBJ\template.axf" - 0 Error(s), 0 Warning(s).
Build target 'Template'
compiling main.c...
main.c(43): warning:  #550-D: variable "flag" was set but never used
linking...
Program Size: Code=19960 RO-data=1072 RW-data=60 ZI-data=1836  
FromELF: creating hex file...
"..\OBJ\template.axf" - 0 Error(s), 1 Warning(s).
Build target 'Template'
compiling main.c...
main.c(43): warning:  #550-D: variable "flag" was set but never used
linking...
Program Size: Code=19948 RO-data=1068 RW-data=60 ZI-data=1836  
FromELF: creating hex file...
"..\OBJ\template.axf" - 0 Error(s), 1 Warning(s).
Build target 'Template'
compiling main.c...
main.c(43): warning:  #550-D: variable "flag" was set but never used
linking...
Program Size: Code=19948 RO-data=1068 RW-data=60 ZI-data=1836  
FromELF: creating hex file...
"..\OBJ\template.axf" - 0 Error(s), 1 Warning(s).
Build target 'Template'
compiling main.c...
main.c(43): warning:  #550-D: variable "flag" was set but never used
linking...
Program Size: Code=19944 RO-data=1072 RW-data=60 ZI-data=1836  
FromELF: creating hex file...
"..\OBJ\template.axf" - 0 Error(s), 1 Warning(s).
Build target 'Template'
compiling main.c...
main.c(43): warning:  #550-D: variable "flag" was set but never used
linking...
Program Size: Code=19896 RO-data=1072 RW-data=60 ZI-data=1836  
FromELF: creating hex file...
"..\OBJ\template.axf" - 0 Error(s), 1 Warning(s).
Build target 'Template'
compiling main.c...
main.c(43): warning:  #550-D: variable "flag" was set but never used
linking...
Program Size: Code=19944 RO-data=1072 RW-data=60 ZI-data=1836  
FromELF: creating hex file...
"..\OBJ\template.axf" - 0 Error(s), 1 Warning(s).
Build target 'Template'
compiling main.c...
main.c(43): warning:  #550-D: variable "flag" was set but never used
linking...
Program Size: Code=19944 RO-data=1072 RW-data=60 ZI-data=1836  
FromELF: creating hex file...
"..\OBJ\template.axf" - 0 Error(s), 1 Warning(s).
Build target 'Template'
compiling main.c...
main.c(43): warning:  #550-D: variable "flag" was set but never used
linking...
Program Size: Code=19944 RO-data=1072 RW-data=60 ZI-data=1836  
FromELF: creating hex file...
"..\OBJ\template.axf" - 0 Error(s), 1 Warning(s).
Build target 'Template'
compiling main.c...
main.c(43): warning:  #550-D: variable "flag" was set but never used
linking...
Program Size: Code=19944 RO-data=1072 RW-data=60 ZI-data=1836  
FromELF: creating hex file...
"..\OBJ\template.axf" - 0 Error(s), 1 Warning(s).
Build target 'Template'
compiling main.c...
main.c(43): warning:  #550-D: variable "flag" was set but never used
linking...
Program Size: Code=19944 RO-data=1072 RW-data=60 ZI-data=1836  
FromELF: creating hex file...
"..\OBJ\template.axf" - 0 Error(s), 1 Warning(s).
Build target 'Template'
compiling main.c...
linking...
Program Size: Code=20080 RO-data=1072 RW-data=60 ZI-data=1836  
FromELF: creating hex file...
"..\OBJ\template.axf" - 0 Error(s), 0 Warning(s).
Build target 'Template'
compiling main.c...
linking...
Program Size: Code=20080 RO-data=1072 RW-data=60 ZI-data=1836  
FromELF: creating hex file...
"..\OBJ\template.axf" - 0 Error(s), 0 Warning(s).
Build target 'Template'
compiling main.c...
main.c(43): warning:  #550-D: variable "flag" was set but never used
main.c(46): warning:  #177-D: variable "play_s" was declared but never referenced
linking...
Program Size: Code=19904 RO-data=1072 RW-data=60 ZI-data=1836  
FromELF: creating hex file...
"..\OBJ\template.axf" - 0 Error(s), 2 Warning(s).
Build target 'Template'
compiling main.c...
main.c(43): warning:  #550-D: variable "flag" was set but never used
main.c(46): warning:  #177-D: variable "play_s" was declared but never referenced
linking...
Program Size: Code=19952 RO-data=1072 RW-data=60 ZI-data=1836  
FromELF: creating hex file...
"..\OBJ\template.axf" - 0 Error(s), 2 Warning(s).
Build target 'Template'
linking...
Program Size: Code=19952 RO-data=1072 RW-data=60 ZI-data=1836  
FromELF: creating hex file...
"..\OBJ\template.axf" - 0 Error(s), 0 Warning(s).
Build target 'Template'
compiling main.c...
main.c(43): warning:  #550-D: variable "flag" was set but never used
main.c(46): warning:  #177-D: variable "play_s" was declared but never referenced
linking...
Program Size: Code=19952 RO-data=1072 RW-data=60 ZI-data=1836  
FromELF: creating hex file...
"..\OBJ\template.axf" - 0 Error(s), 2 Warning(s).
Build target 'Template'
compiling main.c...
main.c(43): warning:  #550-D: variable "flag" was set but never used
main.c(46): warning:  #177-D: variable "play_s" was declared but never referenced
compiling timer.c...
linking...
Program Size: Code=19952 RO-data=1072 RW-data=60 ZI-data=1836  
FromELF: creating hex file...
"..\OBJ\template.axf" - 0 Error(s), 2 Warning(s).
Build target 'Template'
compiling main.c...
main.c(43): warning:  #550-D: variable "flag" was set but never used
main.c(46): warning:  #177-D: variable "play_s" was declared but never referenced
compiling digital.c...
linking...
Program Size: Code=19948 RO-data=1068 RW-data=60 ZI-data=1836  
FromELF: creating hex file...
"..\OBJ\template.axf" - 0 Error(s), 2 Warning(s).
Build target 'Template'
compiling main.c...
main.c(43): warning:  #550-D: variable "flag" was set but never used
main.c(46): warning:  #177-D: variable "play_s" was declared but never referenced
linking...
Program Size: Code=19948 RO-data=1068 RW-data=60 ZI-data=1836  
FromELF: creating hex file...
"..\OBJ\template.axf" - 0 Error(s), 2 Warning(s).
Build target 'Template'
compiling main.c...
main.c(43): warning:  #550-D: variable "flag" was set but never used
main.c(46): warning:  #177-D: variable "play_s" was declared but never referenced
linking...
Program Size: Code=19948 RO-data=1068 RW-data=60 ZI-data=1836  
FromELF: creating hex file...
"..\OBJ\template.axf" - 0 Error(s), 2 Warning(s).
