ARM Linker, RVCT4.0 [Build 524] for uVision [Standard]

==============================================================================

Section Cross References

    system_stm32f10x.o(.text) refers to system_stm32f10x.o(.data) for SystemCoreClock
    main.o(.text) refers to usart.o(.text) for uart_init
    main.o(.text) refers to delay.o(.text) for delay_init
    main.o(.text) refers to beep.o(.text) for BEEP_Init
    main.o(.text) refers to rgb.o(.text) for RGB_Init
    main.o(.text) refers to adc.o(.text) for Adc_Init
    main.o(.text) refers to timer.o(.text) for TIM4_Int_Init
    main.o(.text) refers to rt_memcpy_w.o(.text) for __aeabi_memcpy4
    main.o(.text) refers to stm32f10x_tim.o(.text) for TIM_Cmd
    main.o(.text) refers to main.o(.constdata) for .constdata
    main.o(.text) refers to usart.o(.data) for USART_RX_STA
    main.o(.text) refers to usart.o(.bss) for USART_RX_BUF
    main.o(.text) refers to timer.o(.data) for countt
    main.o(.text) refers to main.o(.data) for m_delay
    main.o(.text) refers to fflt_clz.o(x$fpl$fflt) for __aeabi_i2f
    main.o(.text) refers to fdiv.o(x$fpl$fdiv) for __aeabi_fdiv
    main.o(.text) refers to fmul.o(x$fpl$fmul) for __aeabi_fmul
    main.o(.text) refers to ffixu.o(x$fpl$ffixu) for __aeabi_f2uiz
    main.o(.text) refers to stm32f10x_usart.o(.text) for USART_SendData
    main.o(.text) refers to dflt_clz.o(x$fpl$dfltu) for __aeabi_ui2d
    main.o(.text) refers to pow.o(i.pow) for pow
    main.o(.text) refers to deqf.o(x$fpl$deqf) for __aeabi_cdcmpeq
    main.o(.text) refers to dflt_clz.o(x$fpl$dflt) for __aeabi_i2d
    main.o(.text) refers to daddsub_clz.o(x$fpl$dsub) for __aeabi_dsub
    main.o(.text) refers to digital.o(.text) for ShowData
    startup_stm32f10x_hd.o(STACK) refers (Special) to heapauxi.o(.text) for __use_two_region_memory
    startup_stm32f10x_hd.o(HEAP) refers (Special) to heapauxi.o(.text) for __use_two_region_memory
    startup_stm32f10x_hd.o(RESET) refers (Special) to heapauxi.o(.text) for __use_two_region_memory
    startup_stm32f10x_hd.o(RESET) refers to startup_stm32f10x_hd.o(STACK) for __initial_sp
    startup_stm32f10x_hd.o(RESET) refers to startup_stm32f10x_hd.o(.text) for Reset_Handler
    startup_stm32f10x_hd.o(RESET) refers to stm32f10x_it.o(.text) for NMI_Handler
    startup_stm32f10x_hd.o(RESET) refers to timer.o(.text) for TIM2_IRQHandler
    startup_stm32f10x_hd.o(RESET) refers to usart.o(.text) for USART1_IRQHandler
    startup_stm32f10x_hd.o(.text) refers (Special) to heapauxi.o(.text) for __use_two_region_memory
    startup_stm32f10x_hd.o(.text) refers to system_stm32f10x.o(.text) for SystemInit
    startup_stm32f10x_hd.o(.text) refers to __main.o(!!!main) for __main
    startup_stm32f10x_hd.o(.text) refers to startup_stm32f10x_hd.o(HEAP) for Heap_Mem
    startup_stm32f10x_hd.o(.text) refers to startup_stm32f10x_hd.o(STACK) for Stack_Mem
    stm32f10x_adc.o(.text) refers to stm32f10x_rcc.o(.text) for RCC_APB2PeriphResetCmd
    stm32f10x_bkp.o(.text) refers to stm32f10x_rcc.o(.text) for RCC_BackupResetCmd
    stm32f10x_can.o(.text) refers to stm32f10x_rcc.o(.text) for RCC_APB1PeriphResetCmd
    stm32f10x_cec.o(.text) refers to stm32f10x_rcc.o(.text) for RCC_APB1PeriphResetCmd
    stm32f10x_dac.o(.text) refers to stm32f10x_rcc.o(.text) for RCC_APB1PeriphResetCmd
    stm32f10x_gpio.o(.text) refers to stm32f10x_rcc.o(.text) for RCC_APB2PeriphResetCmd
    stm32f10x_i2c.o(.text) refers to stm32f10x_rcc.o(.text) for RCC_APB1PeriphResetCmd
    stm32f10x_pwr.o(.text) refers to stm32f10x_rcc.o(.text) for RCC_APB1PeriphResetCmd
    stm32f10x_rcc.o(.text) refers to stm32f10x_rcc.o(.data) for .data
    stm32f10x_spi.o(.text) refers to stm32f10x_rcc.o(.text) for RCC_APB2PeriphResetCmd
    stm32f10x_tim.o(.text) refers to stm32f10x_rcc.o(.text) for RCC_APB2PeriphResetCmd
    stm32f10x_usart.o(.text) refers to stm32f10x_rcc.o(.text) for RCC_APB2PeriphResetCmd
    stm32f10x_wwdg.o(.text) refers to stm32f10x_rcc.o(.text) for RCC_APB1PeriphResetCmd
    digital.o(.text) refers to stm32f10x_rcc.o(.text) for RCC_APB2PeriphClockCmd
    digital.o(.text) refers to stm32f10x_gpio.o(.text) for GPIO_Init
    digital.o(.text) refers to delay.o(.text) for delay_us
    delay.o(.text) refers to misc.o(.text) for SysTick_CLKSourceConfig
    delay.o(.text) refers to system_stm32f10x.o(.data) for SystemCoreClock
    delay.o(.text) refers to delay.o(.data) for .data
    sys.o(.text) refers to misc.o(.text) for NVIC_PriorityGroupConfig
    usart.o(.text) refers (Special) to use_no_semi_2.o(.text) for __use_no_semihosting
    usart.o(.text) refers to stm32f10x_rcc.o(.text) for RCC_APB2PeriphClockCmd
    usart.o(.text) refers to stm32f10x_usart.o(.text) for USART_DeInit
    usart.o(.text) refers to stm32f10x_gpio.o(.text) for GPIO_Init
    usart.o(.text) refers to misc.o(.text) for NVIC_Init
    usart.o(.text) refers to usart.o(.data) for USART_RX_STA
    usart.o(.text) refers to usart.o(.bss) for USART_RX_BUF
[...]
    defsig.o(CL$$defsig) refers to defsig_rtmem_inner.o(.text) for __rt_SIGRTMEM_inner
    defsig_abrt_inner.o(.text) refers to defsig_general.o(.text) for __default_signal_display
    defsig_fpe_inner.o(.text) refers to defsig_general.o(.text) for __default_signal_display
    defsig_rtred_inner.o(.text) refers to defsig_general.o(.text) for __default_signal_display
    defsig_stak_inner.o(.text) refers to defsig_general.o(.text) for __default_signal_display
    defsig_pvfn_inner.o(.text) refers to defsig_general.o(.text) for __default_signal_display
    defsig_cppl_inner.o(.text) refers to defsig_general.o(.text) for __default_signal_display
    defsig_segv_inner.o(.text) refers to defsig_general.o(.text) for __default_signal_display
    defsig_other.o(.text) refers to defsig_general.o(.text) for __default_signal_display
    pow.o(i.copysign) refers (Special) to usenofp.o(x$fpl$usenofp) for __I$use$fp


==============================================================================

Removing Unused input sections from the image.

    Removing core_cm3.o(.emb_text), (32 bytes).
    Removing stm32f10x_bkp.o(.text), (176 bytes).
    Removing stm32f10x_can.o(.text), (2568 bytes).
    Removing stm32f10x_cec.o(.text), (292 bytes).
    Removing stm32f10x_crc.o(.text), (72 bytes).
    Removing stm32f10x_dac.o(.text), (372 bytes).
    Removing stm32f10x_dbgmcu.o(.text), (48 bytes).
    Removing stm32f10x_dma.o(.text), (604 bytes).
    Removing stm32f10x_exti.o(.text), (304 bytes).
    Removing stm32f10x_flash.o(.text), (1484 bytes).
    Removing stm32f10x_fsmc.o(.text), (1544 bytes).
    Removing stm32f10x_i2c.o(.text), (1016 bytes).
    Removing stm32f10x_iwdg.o(.text), (64 bytes).
    Removing stm32f10x_pwr.o(.text), (212 bytes).
    Removing stm32f10x_rtc.o(.text), (356 bytes).
    Removing stm32f10x_sdio.o(.text), (460 bytes).
    Removing stm32f10x_spi.o(.text), (780 bytes).
    Removing stm32f10x_wwdg.o(.text), (132 bytes).
    Removing sys.o(.text), (12 bytes).

19 unused section(s) (total 10528 bytes) removed from the image.

==============================================================================

Image Symbol Table

    Local Symbols

    Symbol Name                              Value     Ov Type        Size  Object(Section)

    ../../angel/boardlib.s                   0x00000000   Number         0  boardinit1.o ABSOLUTE
    ../../angel/boardlib.s                   0x00000000   Number         0  boardinit2.o ABSOLUTE
    ../../angel/boardlib.s                   0x00000000   Number         0  boardshut.o ABSOLUTE
    ../../angel/boardlib.s                   0x00000000   Number         0  boardinit3.o ABSOLUTE
    ../../angel/handlers.s                   0x00000000   Number         0  __scatter_copy.o ABSOLUTE
    ../../angel/handlers.s                   0x00000000   Number         0  __scatter_zi.o ABSOLUTE
    ../../angel/kernel.s                     0x00000000   Number         0  rtexit.o ABSOLUTE
    ../../angel/kernel.s                     0x00000000   Number         0  rtentry2.o ABSOLUTE
    ../../angel/kernel.s                     0x00000000   Number         0  rtexit2.o ABSOLUTE
    ../../angel/kernel.s                     0x00000000   Number         0  rtentry.o ABSOLUTE
    ../../angel/kernel.s                     0x00000000   Number         0  rtentry4.o ABSOLUTE
    ../../angel/rt.s                         0x00000000   Number         0  rt_errno_addr_intlibspace.o ABSOLUTE
    ../../angel/rt.s                         0x00000000   Number         0  rt_errno_addr.o ABSOLUTE
    ../../angel/rt.s                         0x00000000   Number         0  rt_raise.o ABSOLUTE
    ../../angel/scatter.s                    0x00000000   Number         0  __scatter.o ABSOLUTE
    ../../angel/startup.s                    0x00000000   Number         0  __main.o ABSOLUTE
    ../../angel/sys.s                        0x00000000   Number         0  use_no_semi.o ABSOLUTE
    ../../angel/sys.s                        0x00000000   Number         0  libspace.o ABSOLUTE
    ../../angel/sys.s                        0x00000000   Number         0  sys_stackheap_outer.o ABSOLUTE
    ../../angel/sys.s                        0x00000000   Number         0  use_no_semi_2.o ABSOLUTE
    ../../angel/sysapp.c                     0x00000000   Number         0  sys_wrch.o ABSOLUTE
    ../../angel/sysapp.c                     0x00000000   Number         0  sys_command.o ABSOLUTE
    ../../armsys.c                           0x00000000   Number         0  argv_veneer.o ABSOLUTE
    ../../armsys.c                           0x00000000   Number         0  argv_veneer.o ABSOLUTE
    ../../armsys.c                           0x00000000   Number         0  no_argv.o ABSOLUTE
    ../../armsys.c                           0x00000000   Number         0  _get_argv_nomalloc.o ABSOLUTE
    ../../daddsub.s                          0x00000000   Number         0  daddsub_clz.o ABSOLUTE
    ../../dcheck.s                           0x00000000   Number         0  dcheck.o ABSOLUTE
    ../../dcheck1.s                          0x00000000   Number         0  dcheck1.o ABSOLUTE
    ../../dcmpin.s                           0x00000000   Number         0  dcmpin.o ABSOLUTE
    ../../ddiv.s                             0x00000000   Number         0  ddiv.o ABSOLUTE
    ../../deqf.s                             0x00000000   Number         0  deqf.o ABSOLUTE
    ../../dflt.s                             0x00000000   Number         0  dflt_clz.o ABSOLUTE
    ../../dleqf.s                            0x00000000   Number         0  dleqf.o ABSOLUTE
    ../../dmul.s                             0x00000000   Number         0  dmul.o ABSOLUTE
    ../../drleqf.s                           0x00000000   Number         0  drleqf.o ABSOLUTE
    ../../dsqrt.s                            0x00000000   Number         0  dsqrt.o ABSOLUTE
    ../../dunder.s                           0x00000000   Number         0  dunder.o ABSOLUTE
    ../../fcheck.s                           0x00000000   Number         0  fcheck.o ABSOLUTE
    ../../fcheck1.s                          0x00000000   Number         0  fcheck1.o ABSOLUTE
    ../../fdiv.s                             0x00000000   Number         0  fdiv.o ABSOLUTE
    ../../fenv.c                             0x00000000   Number         0  _rserrno.o ABSOLUTE
    ../../ffixu.s                            0x00000000   Number         0  ffixu.o ABSOLUTE
    ../../fflt.s                             0x00000000   Number         0  fflt_clz.o ABSOLUTE
    ../../fmul.s                             0x00000000   Number         0  fmul.o ABSOLUTE
    ../../fnorm2.s                           0x00000000   Number         0  fnorm2_clz.o ABSOLUTE
    ../../fpinit.s                           0x00000000   Number         0  fpinit.o ABSOLUTE
    ../../funder.s                           0x00000000   Number         0  funder.o ABSOLUTE
    ../../heapalloc.c                        0x00000000   Number         0  hrguard.o ABSOLUTE
    ../../heapaux.c                          0x00000000   Number         0  heapauxi.o ABSOLUTE
    ../../libinit.s                          0x00000000   Number         0  libshutdown.o ABSOLUTE
    ../../libinit.s                          0x00000000   Number         0  libinit.o ABSOLUTE
    ../../libinit.s                          0x00000000   Number         0  libshutdown2.o ABSOLUTE
    ../../libinit.s                          0x00000000   Number         0  libinit2.o ABSOLUTE
    ../../memcpset.s                         0x00000000   Number         0  rt_memcpy_w.o ABSOLUTE
    ../../poly.c                             0x00000000   Number         0  poly.o ABSOLUTE
    ../../pow.c                              0x00000000   Number         0  pow.o ABSOLUTE
    ../../qnan.c                             0x00000000   Number         0  qnan.o ABSOLUTE
    ../../retnan.s                           0x00000000   Number         0  retnan.o ABSOLUTE
    ../../scalbn.s                           0x00000000   Number         0  scalbn.o ABSOLUTE
    ../../signal.c                           0x00000000   Number         0  defsig_fpe_inner.o ABSOLUTE
    ../../signal.c                           0x00000000   Number         0  defsig_exit.o ABSOLUTE
    ../../signal.c                           0x00000000   Number         0  defsig_pvfn_inner.o ABSOLUTE
    ../../signal.c                           0x00000000   Number         0  defsig_rtmem_formal.o ABSOLUTE
    ../../signal.c                           0x00000000   Number         0  defsig_rtmem_inner.o ABSOLUTE
    ../../signal.c                           0x00000000   Number         0  __raise.o ABSOLUTE
    ../../signal.c                           0x00000000   Number         0  defsig_cppl_inner.o ABSOLUTE
    ../../signal.c                           0x00000000   Number         0  defsig_general.o ABSOLUTE
    ../../signal.c                           0x00000000   Number         0  defsig_segv_inner.o ABSOLUTE
    ../../signal.c                           0x00000000   Number         0  defsig_stak_inner.o ABSOLUTE
    ../../signal.c                           0x00000000   Number         0  defsig_rtmem_outer.o ABSOLUTE
    ../../signal.c                           0x00000000   Number         0  defsig_other.o ABSOLUTE
    ../../signal.c                           0x00000000   Number         0  defsig_rtred_inner.o ABSOLUTE
    ../../signal.c                           0x00000000   Number         0  defsig_abrt_inner.o ABSOLUTE
    ../../signal.s                           0x00000000   Number         0  defsig.o ABSOLUTE
    ../../sqrt.c                             0x00000000   Number         0  sqrt.o ABSOLUTE
    ../../stdlib.c                           0x00000000   Number         0  exit.o ABSOLUTE
    ../../trapv.s                            0x00000000   Number         0  trapv.o ABSOLUTE
    ../../usenofp.s                          0x00000000   Number         0  usenofp.o ABSOLUTE
    ..\CORE\core_cm3.c                       0x00000000   Number         0  core_cm3.o ABSOLUTE
    ..\CORE\startup_stm32f10x_hd.s           0x00000000   Number         0  startup_stm32f10x_hd.o ABSOLUTE
    ..\Hardware\ADC\adc.c                    0x00000000   Number         0  adc.o ABSOLUTE
    ..\Hardware\BEEP\beep.c                  0x00000000   Number         0  beep.o ABSOLUTE
    ..\Hardware\DIGITAL\digital.c            0x00000000   Number         0  digital.o ABSOLUTE
    ..\Hardware\RGB\rgb.c                    0x00000000   Number         0  rgb.o ABSOLUTE
    ..\Hardware\TIMER\timer.c                0x00000000   Number         0  timer.o ABSOLUTE
    ..\STM32F10x_FWLib\src\misc.c            0x00000000   Number         0  misc.o ABSOLUTE
    ..\STM32F10x_FWLib\src\stm32f10x_adc.c   0x00000000   Number         0  stm32f10x_adc.o ABSOLUTE
    ..\STM32F10x_FWLib\src\stm32f10x_bkp.c   0x00000000   Number         0  stm32f10x_bkp.o ABSOLUTE
    ..\STM32F10x_FWLib\src\stm32f10x_can.c   0x00000000   Number         0  stm32f10x_can.o ABSOLUTE
    ..\STM32F10x_FWLib\src\stm32f10x_cec.c   0x00000000   Number         0  stm32f10x_cec.o ABSOLUTE
    ..\STM32F10x_FWLib\src\stm32f10x_crc.c   0x00000000   Number         0  stm32f10x_crc.o ABSOLUTE
    ..\STM32F10x_FWLib\src\stm32f10x_dac.c   0x00000000   Number         0  stm32f10x_dac.o ABSOLUTE
    ..\STM32F10x_FWLib\src\stm32f10x_dbgmcu.c 0x00000000   Number         0  stm32f10x_dbgmcu.o ABSOLUTE
    ..\STM32F10x_FWLib\src\stm32f10x_dma.c   0x00000000   Number         0  stm32f10x_dma.o ABSOLUTE
    ..\STM32F10x_FWLib\src\stm32f10x_exti.c  0x00000000   Number         0  stm32f10x_exti.o ABSOLUTE
    ..\STM32F10x_FWLib\src\stm32f10x_flash.c 0x00000000   Number         0  stm32f10x_flash.o ABSOLUTE
    ..\STM32F10x_FWLib\src\stm32f10x_fsmc.c  0x00000000   Number         0  stm32f10x_fsmc.o ABSOLUTE
    ..\STM32F10x_FWLib\src\stm32f10x_gpio.c  0x00000000   Number         0  stm32f10x_gpio.o ABSOLUTE
    ..\STM32F10x_FWLib\src\stm32f10x_i2c.c   0x00000000   Number         0  stm32f10x_i2c.o ABSOLUTE
    ..\STM32F10x_FWLib\src\stm32f10x_iwdg.c  0x00000000   Number         0  stm32f10x_iwdg.o ABSOLUTE
    ..\STM32F10x_FWLib\src\stm32f10x_pwr.c   0x00000000   Number         0  stm32f10x_pwr.o ABSOLUTE
    ..\STM32F10x_FWLib\src\stm32f10x_rcc.c   0x00000000   Number         0  stm32f10x_rcc.o ABSOLUTE
    ..\STM32F10x_FWLib\src\stm32f10x_rtc.c   0x00000000   Number         0  stm32f10x_rtc.o ABSOLUTE
    ..\STM32F10x_FWLib\src\stm32f10x_sdio.c  0x00000000   Number         0  stm32f10x_sdio.o ABSOLUTE
    ..\STM32F10x_FWLib\src\stm32f10x_spi.c   0x00000000   Number         0  stm32f10x_spi.o ABSOLUTE
    ..\STM32F10x_FWLib\src\stm32f10x_tim.c   0x00000000   Number         0  stm32f10x_tim.o ABSOLUTE
    ..\STM32F10x_FWLib\src\stm32f10x_usart.c 0x00000000   Number         0  stm32f10x_usart.o ABSOLUTE
    ..\STM32F10x_FWLib\src\stm32f10x_wwdg.c  0x00000000   Number         0  stm32f10x_wwdg.o ABSOLUTE
    ..\SYSTEM\delay\delay.c                  0x00000000   Number         0  delay.o ABSOLUTE
    ..\SYSTEM\sys\sys.c                      0x00000000   Number         0  sys.o ABSOLUTE
    ..\SYSTEM\usart\usart.c                  0x00000000   Number         0  usart.o ABSOLUTE
    ..\\CORE\\core_cm3.c                     0x00000000   Number         0  core_cm3.o ABSOLUTE
    dc.s                                     0x00000000   Number         0  dc.o ABSOLUTE
    main.c                                   0x00000000   Number         0  main.o ABSOLUTE
    stm32f10x_it.c                           0x00000000   Number         0  stm32f10x_it.o ABSOLUTE
    system_stm32f10x.c                       0x00000000   Number         0  system_stm32f10x.o ABSOLUTE
    RESET                                    0x08000000   Section      304  startup_stm32f10x_hd.o(RESET)
    !!!main                                  0x08000130   Section        8  __main.o(!!!main)
    !!!scatter                               0x08000138   Section       52  __scatter.o(!!!scatter)
    !!handler_copy                           0x0800016c   Section       26  __scatter_copy.o(!!handler_copy)
    !!handler_zi                             0x08000188   Section       28  __scatter_zi.o(!!handler_zi)
    .ARM.Collect$$libinit$$00000000          0x080001a4   Section        6  libinit.o(.ARM.Collect$$libinit$$00000000)
    .ARM.Collect$$libinit$$00000006          0x080001aa   Section        0  libinit2.o(.ARM.Collect$$libinit$$00000006)
    .ARM.Collect$$libinit$$00000008          0x080001aa   Section        0  libinit2.o(.ARM.Collect$$libinit$$00000008)
    .ARM.Collect$$libinit$$0000000A          0x080001aa   Section        0  libinit2.o(.ARM.Collect$$libinit$$0000000A)
    .ARM.Collect$$libinit$$0000000D          0x080001aa   Section        0  libinit2.o(.ARM.Collect$$libinit$$0000000D)
    .ARM.Collect$$libinit$$0000000F          0x080001aa   Section        0  libinit2.o(.ARM.Collect$$libinit$$0000000F)
    .ARM.Collect$$libinit$$00000011          0x080001aa   Section        0  libinit2.o(.ARM.Collect$$libinit$$00000011)
    .ARM.Collect$$libinit$$00000013          0x080001aa   Section        0  libinit2.o(.ARM.Collect$$libinit$$00000013)
    .ARM.Collect$$libinit$$00000015          0x080001aa   Section        0  libinit2.o(.ARM.Collect$$libinit$$00000015)
    .ARM.Collect$$libinit$$00000017          0x080001aa   Section        0  libinit2.o(.ARM.Collect$$libinit$$00000017)
    .ARM.Collect$$libinit$$00000019          0x080001aa   Section        0  libinit2.o(.ARM.Collect$$libinit$$00000019)
    .ARM.Collect$$libinit$$0000001B          0x080001aa   Section        0  libinit2.o(.ARM.Collect$$libinit$$0000001B)
    .ARM.Collect$$libinit$$0000001D          0x080001aa   Section        0  libinit2.o(.ARM.Collect$$libinit$$0000001D)
    .ARM.Collect$$libinit$$0000001F          0x080001aa   Section        0  libinit2.o(.ARM.Collect$$libinit$$0000001F)
    .ARM.Collect$$libinit$$00000021          0x080001aa   Section        0  libinit2.o(.ARM.Collect$$libinit$$00000021)
    .ARM.Collect$$libinit$$00000028          0x080001aa   Section        0  libinit2.o(.ARM.Collect$$libinit$$00000028)
    .ARM.Collect$$libinit$$0000002A          0x080001aa   Section        0  libinit2.o(.ARM.Collect$$libinit$$0000002A)
    .ARM.Collect$$libinit$$0000002C          0x080001aa   Section        0  libinit2.o(.ARM.Collect$$libinit$$0000002C)
    .ARM.Collect$$libinit$$0000002E          0x080001aa   Section        0  libinit2.o(.ARM.Collect$$libinit$$0000002E)
    .ARM.Collect$$libinit$$0000002F          0x080001aa   Section        2  libinit2.o(.ARM.Collect$$libinit$$0000002F)
    .ARM.Collect$$libshutdown$$00000000      0x080001ac   Section        2  libshutdown.o(.ARM.Collect$$libshutdown$$00000000)
    .ARM.Collect$$libshutdown$$00000003      0x080001ae   Section        0  libshutdown2.o(.ARM.Collect$$libshutdown$$00000003)
    .ARM.Collect$$libshutdown$$00000006      0x080001ae   Section        0  libshutdown2.o(.ARM.Collect$$libshutdown$$00000006)
    .ARM.Collect$$libshutdown$$00000009      0x080001ae   Section        0  libshutdown2.o(.ARM.Collect$$libshutdown$$00000009)
    .ARM.Collect$$libshutdown$$0000000B      0x080001ae   Section        0  libshutdown2.o(.ARM.Collect$$libshutdown$$0000000B)
    .ARM.Collect$$libshutdown$$0000000E      0x080001ae   Section        0  libshutdown2.o(.ARM.Collect$$libshutdown$$0000000E)
    .ARM.Collect$$libshutdown$$0000000F      0x080001ae   Section        2  libshutdown2.o(.ARM.Collect$$libshutdown$$0000000F)
    .ARM.Collect$$rtentry$$00000000          0x080001b0   Section        0  rtentry.o(.ARM.Collect$$rtentry$$00000000)
    .ARM.Collect$$rtentry$$00000002          0x080001b0   Section        0  rtentry2.o(.ARM.Collect$$rtentry$$00000002)
    .ARM.Collect$$rtentry$$00000004          0x080001b0   Section        6  rtentry4.o(.ARM.Collect$$rtentry$$00000004)
    .ARM.Collect$$rtentry$$00000009          0x080001b6   Section        0  rtentry2.o(.ARM.Collect$$rtentry$$00000009)
    .ARM.Collect$$rtentry$$0000000A          0x080001b6   Section        4  rtentry2.o(.ARM.Collect$$rtentry$$0000000A)
    .ARM.Collect$$rtentry$$0000000C          0x080001ba   Section        0  rtentry2.o(.ARM.Collect$$rtentry$$0000000C)
    .ARM.Collect$$rtentry$$0000000D          0x080001ba   Section        8  rtentry2.o(.ARM.Collect$$rtentry$$0000000D)
    .ARM.Collect$$rtexit$$00000000           0x080001c2   Section        0  rtexit.o(.ARM.Collect$$rtexit$$00000000)
    .ARM.Collect$$rtexit$$00000002           0x080001c2   Section        0  rtexit2.o(.ARM.Collect$$rtexit$$00000002)
    .ARM.Collect$$rtexit$$00000003           0x080001c2   Section        4  rtexit2.o(.ARM.Collect$$rtexit$$00000003)
    .ARM.Collect$$rtexit$$00000004           0x080001c6   Section        4  rtexit2.o(.ARM.Collect$$rtexit$$00000004)
    .text                                    0x080001ca   Section       26  stm32f10x_it.o(.text)
    .text                                    0x080001e4   Section      456  system_stm32f10x.o(.text)
    SetSysClockTo72                          0x080001e5   Thumb Code   192  system_stm32f10x.o(.text)
    SetSysClock                              0x080002a5   Thumb Code     8  system_stm32f10x.o(.text)
    .text                                    0x080003ac   Section     1964  main.o(.text)
    .text                                    0x08000b58   Section       64  startup_stm32f10x_hd.o(.text)
    .text                                    0x08000b98   Section      224  misc.o(.text)
    .text                                    0x08000c78   Section     1070  stm32f10x_adc.o(.text)
    .text                                    0x080010a8   Section      840  stm32f10x_gpio.o(.text)
    .text                                    0x080013f0   Section      912  stm32f10x_rcc.o(.text)
    .text                                    0x08001780   Section     3426  stm32f10x_tim.o(.text)
    TI4_Config                               0x08001c09   Thumb Code   114  stm32f10x_tim.o(.text)
    TI3_Config                               0x08001c8d   Thumb Code   110  stm32f10x_tim.o(.text)
    TI2_Config                               0x08001d11   Thumb Code   114  stm32f10x_tim.o(.text)
    TI1_Config                               0x08001d95   Thumb Code   102  stm32f10x_tim.o(.text)
    .text                                    0x080024e4   Section     1032  stm32f10x_usart.o(.text)
    .text                                    0x080028ec   Section      376  digital.o(.text)
    .text                                    0x08002a64   Section      192  delay.o(.text)
    .text                                    0x08002b24   Section      320  usart.o(.text)
    .text                                    0x08002c64   Section      260  adc.o(.text)
    .text                                    0x08002d68   Section       56  beep.o(.text)
    .text                                    0x08002da0   Section      140  rgb.o(.text)
    .text                                    0x08002e2c   Section      552  timer.o(.text)
    .text                                    0x08003054   Section        2  use_no_semi_2.o(.text)
    .text                                    0x08003056   Section      100  rt_memcpy_w.o(.text)
    .text                                    0x080030ba   Section        6  heapauxi.o(.text)
    .text                                    0x080030c0   Section        2  use_no_semi.o(.text)
    .text                                    0x080030c2   Section       22  _rserrno.o(.text)
    .text                                    0x080030d8   Section       12  rt_errno_addr_intlibspace.o(.text)
    .text                                    0x080030e4   Section        8  libspace.o(.text)
    .text                                    0x080030ec   Section       74  sys_stackheap_outer.o(.text)
    .text                                    0x08003136   Section       12  exit.o(.text)
    i.__kernel_poly                          0x08003142   Section      162  poly.o(i.__kernel_poly)
    i.copysign                               0x080031e4   Section       10  pow.o(i.copysign)
    i.pow                                    0x080031f0   Section     2364  pow.o(i.pow)
    i.sqrt                                   0x08003b2c   Section       84  sqrt.o(i.sqrt)
    x$fpl$dadd                               0x08003b80   Section      440  daddsub_clz.o(x$fpl$dadd)
    _dadd1                                   0x08003b91   Thumb Code     0  daddsub_clz.o(x$fpl$dadd)
    x$fpl$dcheck                             0x08003d38   Section       16  dcheck.o(x$fpl$dcheck)
    x$fpl$dcheck1                            0x08003d48   Section       16  dcheck1.o(x$fpl$dcheck1)
    x$fpl$dcmpinfnan                         0x08003d58   Section      120  dcmpin.o(x$fpl$dcmpinfnan)
    x$fpl$ddiv                               0x08003dd0   Section     1024  ddiv.o(x$fpl$ddiv)
    ddiv_entry                               0x08003dd3   Thumb Code     0  ddiv.o(x$fpl$ddiv)
    x$fpl$deqf                               0x080041d0   Section      112  deqf.o(x$fpl$deqf)
    x$fpl$dflt                               0x08004240   Section       44  dflt_clz.o(x$fpl$dflt)
    x$fpl$dfltu                              0x0800426c   Section       10  dflt_clz.o(x$fpl$dfltu)
    x$fpl$dleqf                              0x08004278   Section      112  dleqf.o(x$fpl$dleqf)
    x$fpl$dmul                               0x080042e8   Section      456  dmul.o(x$fpl$dmul)
    x$fpl$drleqf                             0x080044b0   Section      136  drleqf.o(x$fpl$drleqf)
    x$fpl$drsb                               0x08004538   Section       22  daddsub_clz.o(x$fpl$drsb)
    x$fpl$dsqrt                              0x08004550   Section      324  dsqrt.o(x$fpl$dsqrt)
    x$fpl$dsub                               0x08004694   Section      584  daddsub_clz.o(x$fpl$dsub)
    _dsub1                                   0x080046a5   Thumb Code     0  daddsub_clz.o(x$fpl$dsub)
    x$fpl$dunder                             0x080048dc   Section      236  dunder.o(x$fpl$dunder)
    x$fpl$fcheck                             0x080049c8   Section       12  fcheck.o(x$fpl$fcheck)
    x$fpl$fcheck1                            0x080049d4   Section       12  fcheck1.o(x$fpl$fcheck1)
    x$fpl$fdiv                               0x080049e0   Section      484  fdiv.o(x$fpl$fdiv)
    _fdiv1                                   0x080049e1   Thumb Code     0  fdiv.o(x$fpl$fdiv)
    x$fpl$ffixu                              0x08004bc4   Section       88  ffixu.o(x$fpl$ffixu)
    x$fpl$fflt                               0x08004c1c   Section       50  fflt_clz.o(x$fpl$fflt)
    x$fpl$fmul                               0x08004c50   Section      264  fmul.o(x$fpl$fmul)
    x$fpl$fnorm2                             0x08004d58   Section       74  fnorm2_clz.o(x$fpl$fnorm2)
    x$fpl$funder                             0x08004da2   Section      134  funder.o(x$fpl$funder)
    x$fpl$retnan                             0x08004e28   Section      100  retnan.o(x$fpl$retnan)
    x$fpl$scalbn                             0x08004e8c   Section       96  scalbn.o(x$fpl$scalbn)
    x$fpl$trapveneer                         0x08004eec   Section       48  trapv.o(x$fpl$trapveneer)
    .constdata                               0x08004f1c   Section      588  main.o(.constdata)
    x$fpl$usenofp                            0x08004f1c   Section        0  usenofp.o(x$fpl$usenofp)
    .constdata                               0x08005168   Section      136  pow.o(.constdata)
    bp                                       0x08005168   Data          16  pow.o(.constdata)
    dp_h                                     0x08005178   Data          16  pow.o(.constdata)
    dp_l                                     0x08005188   Data          16  pow.o(.constdata)
    L                                        0x08005198   Data          48  pow.o(.constdata)
    P                                        0x080051c8   Data          40  pow.o(.constdata)
    .constdata                               0x080051f0   Section        8  qnan.o(.constdata)
    .data                                    0x20000000   Section       20  system_stm32f10x.o(.data)
    .data                                    0x20000014   Section        2  main.o(.data)
    .data                                    0x20000016   Section       20  stm32f10x_rcc.o(.data)
    APBAHBPrescTable                         0x20000016   Data          16  stm32f10x_rcc.o(.data)
    ADCPrescTable                            0x20000026   Data           4  stm32f10x_rcc.o(.data)
    .data                                    0x2000002a   Section        4  delay.o(.data)
    fac_us                                   0x2000002a   Data           1  delay.o(.data)
    fac_ms                                   0x2000002c   Data           2  delay.o(.data)
    .data                                    0x20000030   Section        8  usart.o(.data)
    .data                                    0x20000038   Section        4  timer.o(.data)
    .bss                                     0x2000003c   Section      200  usart.o(.bss)
    .bss                                     0x20000104   Section       96  libspace.o(.bss)
    HEAP                                     0x20000168   Section      512  startup_stm32f10x_hd.o(HEAP)
    Heap_Mem                                 0x20000168   Data         512  startup_stm32f10x_hd.o(HEAP)
    STACK                                    0x20000368   Section     1024  startup_stm32f10x_hd.o(STACK)
    Stack_Mem                                0x20000368   Data        1024  startup_stm32f10x_hd.o(STACK)
    __initial_sp                             0x20000768   Data           0  startup_stm32f10x_hd.o(STACK)

    Global Symbols

    Symbol Name                              Value     Ov Type        Size  Object(Section)

    BuildAttributes$$THM_ISAv4$P$D$K$B$S$PE$A:L22UL41UL21$X:L11$S22US41US21$IEEE1$IW$USESV6$~STKCKD$USESV7$~SHL$OSPACE$ROPI$IEEEJ$EBA8$UX$STANDARDLIB$REQ8$PRES8$EABIv2 0x00000000   Number         0  anon$$obj.o ABSOLUTE
    __ARM_use_no_argv                        0x00000000   Number         0  main.o ABSOLUTE
    __ARM_exceptions_init                     - Undefined Weak Reference
    __alloca_initialize                       - Undefined Weak Reference
    __cpp_initialize__aeabi_                  - Undefined Weak Reference
    __cxa_finalize                            - Undefined Weak Reference
    __fpl_infinity                            - Undefined Weak Reference
    __rt_locale                               - Undefined Weak Reference
    __sigvec_lookup                           - Undefined Weak Reference
    _atexit_init                              - Undefined Weak Reference
    _call_atexit_fns                          - Undefined Weak Reference
    _clock_init                               - Undefined Weak Reference
    _fp_trap_init                             - Undefined Weak Reference
    _fp_trap_shutdown                         - Undefined Weak Reference
    _get_lc_collate                           - Undefined Weak Reference
    _get_lc_ctype                             - Undefined Weak Reference
    _get_lc_monetary                          - Undefined Weak Reference
    _get_lc_numeric                           - Undefined Weak Reference
    _get_lc_time                              - Undefined Weak Reference
    _getenv_init                              - Undefined Weak Reference
    _handle_redirection                       - Undefined Weak Reference
    _init_alloc                               - Undefined Weak Reference
    _init_user_alloc                          - Undefined Weak Reference
    _initio                                   - Undefined Weak Reference
    _rand_init                                - Undefined Weak Reference
    _signal_finish                            - Undefined Weak Reference
    _signal_init                              - Undefined Weak Reference
    _terminate_alloc                          - Undefined Weak Reference
    _terminate_user_alloc                     - Undefined Weak Reference
    _terminateio                              - Undefined Weak Reference
    __Vectors_Size                           0x00000130   Number         0  startup_stm32f10x_hd.o ABSOLUTE
    __Vectors                                0x08000000   Data           4  startup_stm32f10x_hd.o(RESET)
    __Vectors_End                            0x08000130   Data           0  startup_stm32f10x_hd.o(RESET)
    __main                                   0x08000131   Thumb Code     8  __main.o(!!!main)
    __scatterload                            0x08000139   Thumb Code     0  __scatter.o(!!!scatter)
    __scatterload_rt2                        0x08000139   Thumb Code    44  __scatter.o(!!!scatter)
    __scatterload_rt2_thumb_only             0x08000139   Thumb Code     0  __scatter.o(!!!scatter)
    __scatterload_null                       0x08000147   Thumb Code     0  __scatter.o(!!!scatter)
    __scatterload_copy                       0x0800016d   Thumb Code    26  __scatter_copy.o(!!handler_copy)
    __scatterload_zeroinit                   0x08000189   Thumb Code    28  __scatter_zi.o(!!handler_zi)
    __rt_lib_init                            0x080001a5   Thumb Code     0  libinit.o(.ARM.Collect$$libinit$$00000000)
    __rt_lib_init_alloca_1                   0x080001ab   Thumb Code     0  libinit2.o(.ARM.Collect$$libinit$$0000002A)
    __rt_lib_init_argv_1                     0x080001ab   Thumb Code     0  libinit2.o(.ARM.Collect$$libinit$$00000028)
    __rt_lib_init_atexit_1                   0x080001ab   Thumb Code     0  libinit2.o(.ARM.Collect$$libinit$$00000017)
    __rt_lib_init_clock_1                    0x080001ab   Thumb Code     0  libinit2.o(.ARM.Collect$$libinit$$0000001D)
    __rt_lib_init_cpp_1                      0x080001ab   Thumb Code     0  libinit2.o(.ARM.Collect$$libinit$$0000002E)
    __rt_lib_init_exceptions_1               0x080001ab   Thumb Code     0  libinit2.o(.ARM.Collect$$libinit$$0000002C)
    __rt_lib_init_fp_trap_1                  0x080001ab   Thumb Code     0  libinit2.o(.ARM.Collect$$libinit$$0000001B)
    __rt_lib_init_getenv_1                   0x080001ab   Thumb Code     0  libinit2.o(.ARM.Collect$$libinit$$0000001F)
    __rt_lib_init_heap_1                     0x080001ab   Thumb Code     0  libinit2.o(.ARM.Collect$$libinit$$00000006)
    __rt_lib_init_lc_collate_1               0x080001ab   Thumb Code     0  libinit2.o(.ARM.Collect$$libinit$$0000000D)
    __rt_lib_init_lc_ctype_1                 0x080001ab   Thumb Code     0  libinit2.o(.ARM.Collect$$libinit$$0000000F)
    __rt_lib_init_lc_monetary_1              0x080001ab   Thumb Code     0  libinit2.o(.ARM.Collect$$libinit$$00000011)
    __rt_lib_init_lc_numeric_1               0x080001ab   Thumb Code     0  libinit2.o(.ARM.Collect$$libinit$$00000013)
    __rt_lib_init_lc_time_1                  0x080001ab   Thumb Code     0  libinit2.o(.ARM.Collect$$libinit$$00000015)
    __rt_lib_init_rand_1                     0x080001ab   Thumb Code     0  libinit2.o(.ARM.Collect$$libinit$$0000000A)
    __rt_lib_init_return                     0x080001ab   Thumb Code     0  libinit2.o(.ARM.Collect$$libinit$$0000002F)
    __rt_lib_init_signal_1                   0x080001ab   Thumb Code     0  libinit2.o(.ARM.Collect$$libinit$$00000019)
    __rt_lib_init_stdio_1                    0x080001ab   Thumb Code     0  libinit2.o(.ARM.Collect$$libinit$$00000021)
    __rt_lib_init_user_alloc_1               0x080001ab   Thumb Code     0  libinit2.o(.ARM.Collect$$libinit$$00000008)
    __rt_lib_shutdown                        0x080001ad   Thumb Code     0  libshutdown.o(.ARM.Collect$$libshutdown$$00000000)
    __rt_lib_shutdown_fp_trap_1              0x080001af   Thumb Code     0  libshutdown2.o(.ARM.Collect$$libshutdown$$00000006)
    __rt_lib_shutdown_heap_1                 0x080001af   Thumb Code     0  libshutdown2.o(.ARM.Collect$$libshutdown$$0000000E)
    __rt_lib_shutdown_return                 0x080001af   Thumb Code     0  libshutdown2.o(.ARM.Collect$$libshutdown$$0000000F)
    __rt_lib_shutdown_signal_1               0x080001af   Thumb Code     0  libshutdown2.o(.ARM.Collect$$libshutdown$$00000009)
    __rt_lib_shutdown_stdio_1                0x080001af   Thumb Code     0  libshutdown2.o(.ARM.Collect$$libshutdown$$00000003)
    __rt_lib_shutdown_user_alloc_1           0x080001af   Thumb Code     0  libshutdown2.o(.ARM.Collect$$libshutdown$$0000000B)
    __rt_entry                               0x080001b1   Thumb Code     0  rtentry.o(.ARM.Collect$$rtentry$$00000000)
    __rt_entry_presh_1                       0x080001b1   Thumb Code     0  rtentry2.o(.ARM.Collect$$rtentry$$00000002)
    __rt_entry_sh                            0x080001b1   Thumb Code     0  rtentry4.o(.ARM.Collect$$rtentry$$00000004)
    __rt_entry_li                            0x080001b7   Thumb Code     0  rtentry2.o(.ARM.Collect$$rtentry$$0000000A)
    __rt_entry_postsh_1                      0x080001b7   Thumb Code     0  rtentry2.o(.ARM.Collect$$rtentry$$00000009)
    __rt_entry_main                          0x080001bb   Thumb Code     0  rtentry2.o(.ARM.Collect$$rtentry$$0000000D)
    __rt_entry_postli_1                      0x080001bb   Thumb Code     0  rtentry2.o(.ARM.Collect$$rtentry$$0000000C)
    __rt_exit                                0x080001c3   Thumb Code     0  rtexit.o(.ARM.Collect$$rtexit$$00000000)
    __rt_exit_ls                             0x080001c3   Thumb Code     0  rtexit2.o(.ARM.Collect$$rtexit$$00000003)
    __rt_exit_prels_1                        0x080001c3   Thumb Code     0  rtexit2.o(.ARM.Collect$$rtexit$$00000002)
    __rt_exit_exit                           0x080001c7   Thumb Code     0  rtexit2.o(.ARM.Collect$$rtexit$$00000004)
    NMI_Handler                              0x080001cb   Thumb Code     2  stm32f10x_it.o(.text)
    HardFault_Handler                        0x080001cd   Thumb Code     4  stm32f10x_it.o(.text)
    MemManage_Handler                        0x080001d1   Thumb Code     4  stm32f10x_it.o(.text)
    BusFault_Handler                         0x080001d5   Thumb Code     4  stm32f10x_it.o(.text)
    UsageFault_Handler                       0x080001d9   Thumb Code     4  stm32f10x_it.o(.text)
    SVC_Handler                              0x080001dd   Thumb Code     2  stm32f10x_it.o(.text)
    DebugMon_Handler                         0x080001df   Thumb Code     2  stm32f10x_it.o(.text)
    PendSV_Handler                           0x080001e1   Thumb Code     2  stm32f10x_it.o(.text)
    SysTick_Handler                          0x080001e3   Thumb Code     2  stm32f10x_it.o(.text)
    SystemInit                               0x080002ad   Thumb Code    78  system_stm32f10x.o(.text)
    SystemCoreClockUpdate                    0x080002fb   Thumb Code   142  system_stm32f10x.o(.text)
    init                                     0x080003ad   Thumb Code    52  main.o(.text)
    minfre                                   0x080003e1   Thumb Code    32  main.o(.text)
    maxfre                                   0x08000401   Thumb Code    32  main.o(.text)
    main                                     0x08000421   Thumb Code  1796  main.o(.text)
    Reset_Handler                            0x08000b59   Thumb Code     8  startup_stm32f10x_hd.o(.text)
    ADC1_2_IRQHandler                        0x08000b73   Thumb Code     0  startup_stm32f10x_hd.o(.text)
    ADC3_IRQHandler                          0x08000b73   Thumb Code     0  startup_stm32f10x_hd.o(.text)
    CAN1_RX1_IRQHandler                      0x08000b73   Thumb Code     0  startup_stm32f10x_hd.o(.text)
    CAN1_SCE_IRQHandler                      0x08000b73   Thumb Code     0  startup_stm32f10x_hd.o(.text)
    DMA1_Channel1_IRQHandler                 0x08000b73   Thumb Code     0  startup_stm32f10x_hd.o(.text)
    DMA1_Channel2_IRQHandler                 0x08000b73   Thumb Code     0  startup_stm32f10x_hd.o(.text)
    DMA1_Channel3_IRQHandler                 0x08000b73   Thumb Code     0  startup_stm32f10x_hd.o(.text)
    DMA1_Channel4_IRQHandler                 0x08000b73   Thumb Code     0  startup_stm32f10x_hd.o(.text)
    DMA1_Channel5_IRQHandler                 0x08000b73   Thumb Code     0  startup_stm32f10x_hd.o(.text)
    DMA1_Channel6_IRQHandler                 0x08000b73   Thumb Code     0  startup_stm32f10x_hd.o(.text)
    DMA1_Channel7_IRQHandler                 0x08000b73   Thumb Code     0  startup_stm32f10x_hd.o(.text)
    DMA2_Channel1_IRQHandler                 0x08000b73   Thumb Code     0  startup_stm32f10x_hd.o(.text)
    DMA2_Channel2_IRQHandler                 0x08000b73   Thumb Code     0  startup_stm32f10x_hd.o(.text)
    DMA2_Channel3_IRQHandler                 0x08000b73   Thumb Code     0  startup_stm32f10x_hd.o(.text)
    DMA2_Channel4_5_IRQHandler               0x08000b73   Thumb Code     0  startup_stm32f10x_hd.o(.text)
    EXTI0_IRQHandler                         0x08000b73   Thumb Code     0  startup_stm32f10x_hd.o(.text)
    EXTI15_10_IRQHandler                     0x08000b73   Thumb Code     0  startup_stm32f10x_hd.o(.text)
    EXTI1_IRQHandler                         0x08000b73   Thumb Code     0  startup_stm32f10x_hd.o(.text)
    EXTI2_IRQHandler                         0x08000b73   Thumb Code     0  startup_stm32f10x_hd.o(.text)
    EXTI3_IRQHandler                         0x08000b73   Thumb Code     0  startup_stm32f10x_hd.o(.text)
    EXTI4_IRQHandler                         0x08000b73   Thumb Code     0  startup_stm32f10x_hd.o(.text)
    EXTI9_5_IRQHandler                       0x08000b73   Thumb Code     0  startup_stm32f10x_hd.o(.text)
    FLASH_IRQHandler                         0x08000b73   Thumb Code     0  startup_stm32f10x_hd.o(.text)
    FSMC_IRQHandler                          0x08000b73   Thumb Code     0  startup_stm32f10x_hd.o(.text)
    I2C1_ER_IRQHandler                       0x08000b73   Thumb Code     0  startup_stm32f10x_hd.o(.text)
    I2C1_EV_IRQHandler                       0x08000b73   Thumb Code     0  startup_stm32f10x_hd.o(.text)
    I2C2_ER_IRQHandler                       0x08000b73   Thumb Code     0  startup_stm32f10x_hd.o(.text)
    I2C2_EV_IRQHandler                       0x08000b73   Thumb Code     0  startup_stm32f10x_hd.o(.text)
    PVD_IRQHandler                           0x08000b73   Thumb Code     0  startup_stm32f10x_hd.o(.text)
    RCC_IRQHandler                           0x08000b73   Thumb Code     0  startup_stm32f10x_hd.o(.text)
    RTCAlarm_IRQHandler                      0x08000b73   Thumb Code     0  startup_stm32f10x_hd.o(.text)
    RTC_IRQHandler                           0x08000b73   Thumb Code     0  startup_stm32f10x_hd.o(.text)
    SDIO_IRQHandler                          0x08000b73   Thumb Code     0  startup_stm32f10x_hd.o(.text)
    SPI1_IRQHandler                          0x08000b73   Thumb Code     0  startup_stm32f10x_hd.o(.text)
    SPI2_IRQHandler                          0x08000b73   Thumb Code     0  startup_stm32f10x_hd.o(.text)
    SPI3_IRQHandler                          0x08000b73   Thumb Code     0  startup_stm32f10x_hd.o(.text)
    TAMPER_IRQHandler                        0x08000b73   Thumb Code     0  startup_stm32f10x_hd.o(.text)
    TIM1_BRK_IRQHandler                      0x08000b73   Thumb Code     0  startup_stm32f10x_hd.o(.text)
    TIM1_CC_IRQHandler                       0x08000b73   Thumb Code     0  startup_stm32f10x_hd.o(.text)
    TIM1_TRG_COM_IRQHandler                  0x08000b73   Thumb Code     0  startup_stm32f10x_hd.o(.text)
    TIM1_UP_IRQHandler                       0x08000b73   Thumb Code     0  startup_stm32f10x_hd.o(.text)
    TIM5_IRQHandler                          0x08000b73   Thumb Code     0  startup_stm32f10x_hd.o(.text)
    TIM6_IRQHandler                          0x08000b73   Thumb Code     0  startup_stm32f10x_hd.o(.text)
    TIM7_IRQHandler                          0x08000b73   Thumb Code     0  startup_stm32f10x_hd.o(.text)
    TIM8_BRK_IRQHandler                      0x08000b73   Thumb Code     0  startup_stm32f10x_hd.o(.text)
    TIM8_CC_IRQHandler                       0x08000b73   Thumb Code     0  startup_stm32f10x_hd.o(.text)
    TIM8_TRG_COM_IRQHandler                  0x08000b73   Thumb Code     0  startup_stm32f10x_hd.o(.text)
    TIM8_UP_IRQHandler                       0x08000b73   Thumb Code     0  startup_stm32f10x_hd.o(.text)
    UART4_IRQHandler                         0x08000b73   Thumb Code     0  startup_stm32f10x_hd.o(.text)
    UART5_IRQHandler                         0x08000b73   Thumb Code     0  startup_stm32f10x_hd.o(.text)
    USART2_IRQHandler                        0x08000b73   Thumb Code     0  startup_stm32f10x_hd.o(.text)
    USART3_IRQHandler                        0x08000b73   Thumb Code     0  startup_stm32f10x_hd.o(.text)
    USBWakeUp_IRQHandler                     0x08000b73   Thumb Code     0  startup_stm32f10x_hd.o(.text)
    USB_HP_CAN1_TX_IRQHandler                0x08000b73   Thumb Code     0  startup_stm32f10x_hd.o(.text)
    USB_LP_CAN1_RX0_IRQHandler               0x08000b73   Thumb Code     0  startup_stm32f10x_hd.o(.text)
    WWDG_IRQHandler                          0x08000b73   Thumb Code     0  startup_stm32f10x_hd.o(.text)
    __user_initial_stackheap                 0x08000b75   Thumb Code     0  startup_stm32f10x_hd.o(.text)
    NVIC_PriorityGroupConfig                 0x08000b99   Thumb Code    10  misc.o(.text)
    NVIC_Init                                0x08000ba3   Thumb Code   102  misc.o(.text)
    NVIC_SetVectorTable                      0x08000c09   Thumb Code    14  misc.o(.text)
    NVIC_SystemLPConfig                      0x08000c17   Thumb Code    38  misc.o(.text)
    SysTick_CLKSourceConfig                  0x08000c3d   Thumb Code    40  misc.o(.text)
    ADC_DeInit                               0x08000c79   Thumb Code    78  stm32f10x_adc.o(.text)
    ADC_Init                                 0x08000cc7   Thumb Code    68  stm32f10x_adc.o(.text)
    ADC_StructInit                           0x08000d0b   Thumb Code    18  stm32f10x_adc.o(.text)
    ADC_Cmd                                  0x08000d1d   Thumb Code    22  stm32f10x_adc.o(.text)
    ADC_DMACmd                               0x08000d33   Thumb Code    22  stm32f10x_adc.o(.text)
    ADC_ITConfig                             0x08000d49   Thumb Code    24  stm32f10x_adc.o(.text)
    ADC_ResetCalibration                     0x08000d61   Thumb Code    10  stm32f10x_adc.o(.text)
    ADC_GetResetCalibrationStatus            0x08000d6b   Thumb Code    20  stm32f10x_adc.o(.text)
    ADC_StartCalibration                     0x08000d7f   Thumb Code    10  stm32f10x_adc.o(.text)
    ADC_GetCalibrationStatus                 0x08000d89   Thumb Code    20  stm32f10x_adc.o(.text)
    ADC_SoftwareStartConvCmd                 0x08000d9d   Thumb Code    22  stm32f10x_adc.o(.text)
    ADC_GetSoftwareStartConvStatus           0x08000db3   Thumb Code    20  stm32f10x_adc.o(.text)
    ADC_DiscModeChannelCountConfig           0x08000dc7   Thumb Code    22  stm32f10x_adc.o(.text)
    ADC_DiscModeCmd                          0x08000ddd   Thumb Code    22  stm32f10x_adc.o(.text)
    ADC_RegularChannelConfig                 0x08000df3   Thumb Code   180  stm32f10x_adc.o(.text)
    ADC_ExternalTrigConvCmd                  0x08000ea7   Thumb Code    22  stm32f10x_adc.o(.text)
    ADC_GetConversionValue                   0x08000ebd   Thumb Code     8  stm32f10x_adc.o(.text)
    ADC_GetDualModeConversionValue           0x08000ec5   Thumb Code     8  stm32f10x_adc.o(.text)
    ADC_AutoInjectedConvCmd                  0x08000ecd   Thumb Code    22  stm32f10x_adc.o(.text)
    ADC_InjectedDiscModeCmd                  0x08000ee3   Thumb Code    22  stm32f10x_adc.o(.text)
    ADC_ExternalTrigInjectedConvConfig       0x08000ef9   Thumb Code    14  stm32f10x_adc.o(.text)
    ADC_ExternalTrigInjectedConvCmd          0x08000f07   Thumb Code    22  stm32f10x_adc.o(.text)
    ADC_SoftwareStartInjectedConvCmd         0x08000f1d   Thumb Code    22  stm32f10x_adc.o(.text)
    ADC_GetSoftwareStartInjectedConvCmdStatus 0x08000f33   Thumb Code    20  stm32f10x_adc.o(.text)
    ADC_InjectedChannelConfig                0x08000f47   Thumb Code   126  stm32f10x_adc.o(.text)
    ADC_InjectedSequencerLengthConfig        0x08000fc5   Thumb Code    22  stm32f10x_adc.o(.text)
    ADC_SetInjectedOffset                    0x08000fdb   Thumb Code    14  stm32f10x_adc.o(.text)
    ADC_GetInjectedConversionValue           0x08000fe9   Thumb Code    20  stm32f10x_adc.o(.text)
    ADC_AnalogWatchdogCmd                    0x08000ffd   Thumb Code    14  stm32f10x_adc.o(.text)
    ADC_AnalogWatchdogThresholdsConfig       0x0800100b   Thumb Code     6  stm32f10x_adc.o(.text)
    ADC_AnalogWatchdogSingleChannelConfig    0x08001011   Thumb Code    14  stm32f10x_adc.o(.text)
    ADC_TempSensorVrefintCmd                 0x0800101f   Thumb Code    38  stm32f10x_adc.o(.text)
    ADC_GetFlagStatus                        0x08001045   Thumb Code    18  stm32f10x_adc.o(.text)
    ADC_ClearFlag                            0x08001057   Thumb Code    34  stm32f10x_adc.o(.text)
    ADC_GetITStatus                          0x08001079   Thumb Code    36  stm32f10x_adc.o(.text)
    ADC_ClearITPendingBit                    0x0800109d   Thumb Code    10  stm32f10x_adc.o(.text)
    GPIO_DeInit                              0x080010a9   Thumb Code   172  stm32f10x_gpio.o(.text)
    GPIO_AFIODeInit                          0x08001155   Thumb Code    20  stm32f10x_gpio.o(.text)
    GPIO_Init                                0x08001169   Thumb Code   268  stm32f10x_gpio.o(.text)
    GPIO_StructInit                          0x08001275   Thumb Code    16  stm32f10x_gpio.o(.text)
    GPIO_ReadInputDataBit                    0x08001285   Thumb Code    18  stm32f10x_gpio.o(.text)
    GPIO_ReadInputData                       0x08001297   Thumb Code     8  stm32f10x_gpio.o(.text)
    GPIO_ReadOutputDataBit                   0x0800129f   Thumb Code    18  stm32f10x_gpio.o(.text)
    GPIO_ReadOutputData                      0x080012b1   Thumb Code     8  stm32f10x_gpio.o(.text)
    GPIO_SetBits                             0x080012b9   Thumb Code     4  stm32f10x_gpio.o(.text)
    GPIO_ResetBits                           0x080012bd   Thumb Code     4  stm32f10x_gpio.o(.text)
    GPIO_WriteBit                            0x080012c1   Thumb Code    10  stm32f10x_gpio.o(.text)
    GPIO_Write                               0x080012cb   Thumb Code     4  stm32f10x_gpio.o(.text)
    GPIO_PinLockConfig                       0x080012cf   Thumb Code    18  stm32f10x_gpio.o(.text)
    GPIO_EventOutputConfig                   0x080012e1   Thumb Code    24  stm32f10x_gpio.o(.text)
    GPIO_EventOutputCmd                      0x080012f9   Thumb Code     6  stm32f10x_gpio.o(.text)
    GPIO_PinRemapConfig                      0x080012ff   Thumb Code   136  stm32f10x_gpio.o(.text)
    GPIO_EXTILineConfig                      0x08001387   Thumb Code    60  stm32f10x_gpio.o(.text)
    GPIO_ETH_MediaInterfaceConfig            0x080013c3   Thumb Code     8  stm32f10x_gpio.o(.text)
    RCC_DeInit                               0x080013f1   Thumb Code    64  stm32f10x_rcc.o(.text)
    RCC_HSEConfig                            0x08001431   Thumb Code    70  stm32f10x_rcc.o(.text)
    RCC_GetFlagStatus                        0x08001477   Thumb Code    56  stm32f10x_rcc.o(.text)
    RCC_WaitForHSEStartUp                    0x080014af   Thumb Code    48  stm32f10x_rcc.o(.text)
    RCC_AdjustHSICalibrationValue            0x080014df   Thumb Code    18  stm32f10x_rcc.o(.text)
    RCC_HSICmd                               0x080014f1   Thumb Code     6  stm32f10x_rcc.o(.text)
    RCC_PLLConfig                            0x080014f7   Thumb Code    22  stm32f10x_rcc.o(.text)
    RCC_PLLCmd                               0x0800150d   Thumb Code     6  stm32f10x_rcc.o(.text)
    RCC_SYSCLKConfig                         0x08001513   Thumb Code    16  stm32f10x_rcc.o(.text)
    RCC_GetSYSCLKSource                      0x08001523   Thumb Code    10  stm32f10x_rcc.o(.text)
    RCC_HCLKConfig                           0x0800152d   Thumb Code    16  stm32f10x_rcc.o(.text)
    RCC_PCLK1Config                          0x0800153d   Thumb Code    16  stm32f10x_rcc.o(.text)
    RCC_PCLK2Config                          0x0800154d   Thumb Code    18  stm32f10x_rcc.o(.text)
    RCC_ITConfig                             0x0800155f   Thumb Code    30  stm32f10x_rcc.o(.text)
    RCC_USBCLKConfig                         0x0800157d   Thumb Code     8  stm32f10x_rcc.o(.text)
    RCC_ADCCLKConfig                         0x08001585   Thumb Code    16  stm32f10x_rcc.o(.text)
    RCC_LSEConfig                            0x08001595   Thumb Code    50  stm32f10x_rcc.o(.text)
    RCC_LSICmd                               0x080015c7   Thumb Code     6  stm32f10x_rcc.o(.text)
    RCC_RTCCLKConfig                         0x080015cd   Thumb Code    12  stm32f10x_rcc.o(.text)
    RCC_RTCCLKCmd                            0x080015d9   Thumb Code     8  stm32f10x_rcc.o(.text)
    RCC_GetClocksFreq                        0x080015e1   Thumb Code   194  stm32f10x_rcc.o(.text)
    RCC_AHBPeriphClockCmd                    0x080016a3   Thumb Code    26  stm32f10x_rcc.o(.text)
    RCC_APB2PeriphClockCmd                   0x080016bd   Thumb Code    26  stm32f10x_rcc.o(.text)
    RCC_APB1PeriphClockCmd                   0x080016d7   Thumb Code    26  stm32f10x_rcc.o(.text)
    RCC_APB2PeriphResetCmd                   0x080016f1   Thumb Code    26  stm32f10x_rcc.o(.text)
    RCC_APB1PeriphResetCmd                   0x0800170b   Thumb Code    26  stm32f10x_rcc.o(.text)
    RCC_BackupResetCmd                       0x08001725   Thumb Code     8  stm32f10x_rcc.o(.text)
    RCC_ClockSecuritySystemCmd               0x0800172d   Thumb Code     6  stm32f10x_rcc.o(.text)
    RCC_MCOConfig                            0x08001733   Thumb Code     6  stm32f10x_rcc.o(.text)
    RCC_ClearFlag                            0x08001739   Thumb Code    14  stm32f10x_rcc.o(.text)
    RCC_GetITStatus                          0x08001747   Thumb Code    20  stm32f10x_rcc.o(.text)
    RCC_ClearITPendingBit                    0x0800175b   Thumb Code     6  stm32f10x_rcc.o(.text)
    TIM_DeInit                               0x08001781   Thumb Code   424  stm32f10x_tim.o(.text)
    TIM_TimeBaseInit                         0x08001929   Thumb Code   122  stm32f10x_tim.o(.text)
    TIM_OC1Init                              0x080019a3   Thumb Code   132  stm32f10x_tim.o(.text)
    TIM_OC2Init                              0x08001a27   Thumb Code   146  stm32f10x_tim.o(.text)
    TIM_OC3Init                              0x08001ab9   Thumb Code   142  stm32f10x_tim.o(.text)
    TIM_OC4Init                              0x08001b47   Thumb Code   172  stm32f10x_tim.o(.text)
    TIM_SetIC4Prescaler                      0x08001bf3   Thumb Code    22  stm32f10x_tim.o(.text)
    TIM_SetIC3Prescaler                      0x08001c7b   Thumb Code    18  stm32f10x_tim.o(.text)
    TIM_SetIC2Prescaler                      0x08001cfb   Thumb Code    22  stm32f10x_tim.o(.text)
    TIM_SetIC1Prescaler                      0x08001d83   Thumb Code    18  stm32f10x_tim.o(.text)
    TIM_ICInit                               0x08001dfb   Thumb Code   150  stm32f10x_tim.o(.text)
    TIM_PWMIConfig                           0x08001e91   Thumb Code   124  stm32f10x_tim.o(.text)
    TIM_BDTRConfig                           0x08001f0d   Thumb Code    32  stm32f10x_tim.o(.text)
    TIM_TimeBaseStructInit                   0x08001f2d   Thumb Code    18  stm32f10x_tim.o(.text)
    TIM_OCStructInit                         0x08001f3f   Thumb Code    20  stm32f10x_tim.o(.text)
    TIM_ICStructInit                         0x08001f53   Thumb Code    18  stm32f10x_tim.o(.text)
    TIM_BDTRStructInit                       0x08001f65   Thumb Code    18  stm32f10x_tim.o(.text)
    TIM_Cmd                                  0x08001f77   Thumb Code    24  stm32f10x_tim.o(.text)
    TIM_CtrlPWMOutputs                       0x08001f8f   Thumb Code    50  stm32f10x_tim.o(.text)
    TIM_ITConfig                             0x08001fc1   Thumb Code    24  stm32f10x_tim.o(.text)
    TIM_GenerateEvent                        0x08001fd9   Thumb Code     4  stm32f10x_tim.o(.text)
    TIM_DMAConfig                            0x08001fdd   Thumb Code    10  stm32f10x_tim.o(.text)
    TIM_DMACmd                               0x08001fe7   Thumb Code    24  stm32f10x_tim.o(.text)
    TIM_InternalClockConfig                  0x08001fff   Thumb Code    12  stm32f10x_tim.o(.text)
    TIM_SelectInputTrigger                   0x0800200b   Thumb Code    16  stm32f10x_tim.o(.text)
    TIM_ITRxExternalClockConfig              0x0800201b   Thumb Code    24  stm32f10x_tim.o(.text)
    TIM_TIxExternalClockConfig               0x08002033   Thumb Code    62  stm32f10x_tim.o(.text)
    TIM_ETRConfig                            0x08002071   Thumb Code    22  stm32f10x_tim.o(.text)
    TIM_ETRClockMode1Config                  0x08002087   Thumb Code    54  stm32f10x_tim.o(.text)
    TIM_ETRClockMode2Config                  0x080020bd   Thumb Code    32  stm32f10x_tim.o(.text)
    TIM_PrescalerConfig                      0x080020dd   Thumb Code     6  stm32f10x_tim.o(.text)
    TIM_CounterModeConfig                    0x080020e3   Thumb Code    16  stm32f10x_tim.o(.text)
    TIM_EncoderInterfaceConfig               0x080020f3   Thumb Code    56  stm32f10x_tim.o(.text)
    TIM_ForcedOC1Config                      0x0800212b   Thumb Code    16  stm32f10x_tim.o(.text)
    TIM_ForcedOC2Config                      0x0800213b   Thumb Code    20  stm32f10x_tim.o(.text)
    TIM_ForcedOC3Config                      0x0800214f   Thumb Code    16  stm32f10x_tim.o(.text)
    TIM_ForcedOC4Config                      0x0800215f   Thumb Code    20  stm32f10x_tim.o(.text)
    TIM_ARRPreloadConfig                     0x08002173   Thumb Code    24  stm32f10x_tim.o(.text)
    TIM_SelectCOM                            0x0800218b   Thumb Code    24  stm32f10x_tim.o(.text)
    TIM_SelectCCDMA                          0x080021a3   Thumb Code    24  stm32f10x_tim.o(.text)
    TIM_CCPreloadControl                     0x080021bb   Thumb Code    24  stm32f10x_tim.o(.text)
    TIM_OC1PreloadConfig                     0x080021d3   Thumb Code    16  stm32f10x_tim.o(.text)
    TIM_OC2PreloadConfig                     0x080021e3   Thumb Code    20  stm32f10x_tim.o(.text)
    TIM_OC3PreloadConfig                     0x080021f7   Thumb Code    16  stm32f10x_tim.o(.text)
    TIM_OC4PreloadConfig                     0x08002207   Thumb Code    20  stm32f10x_tim.o(.text)
    TIM_OC1FastConfig                        0x0800221b   Thumb Code    16  stm32f10x_tim.o(.text)
    TIM_OC2FastConfig                        0x0800222b   Thumb Code    20  stm32f10x_tim.o(.text)
    TIM_OC3FastConfig                        0x0800223f   Thumb Code    16  stm32f10x_tim.o(.text)
    TIM_OC4FastConfig                        0x0800224f   Thumb Code    20  stm32f10x_tim.o(.text)
    TIM_ClearOC1Ref                          0x08002263   Thumb Code    16  stm32f10x_tim.o(.text)
    TIM_ClearOC2Ref                          0x08002273   Thumb Code    18  stm32f10x_tim.o(.text)
    TIM_ClearOC3Ref                          0x08002285   Thumb Code    16  stm32f10x_tim.o(.text)
    TIM_ClearOC4Ref                          0x08002295   Thumb Code    18  stm32f10x_tim.o(.text)
    TIM_OC1PolarityConfig                    0x080022a7   Thumb Code    16  stm32f10x_tim.o(.text)
    TIM_OC1NPolarityConfig                   0x080022b7   Thumb Code    16  stm32f10x_tim.o(.text)
    TIM_OC2PolarityConfig                    0x080022c7   Thumb Code    20  stm32f10x_tim.o(.text)
    TIM_OC2NPolarityConfig                   0x080022db   Thumb Code    20  stm32f10x_tim.o(.text)
    TIM_OC3PolarityConfig                    0x080022ef   Thumb Code    20  stm32f10x_tim.o(.text)
    TIM_OC3NPolarityConfig                   0x08002303   Thumb Code    20  stm32f10x_tim.o(.text)
    TIM_OC4PolarityConfig                    0x08002317   Thumb Code    20  stm32f10x_tim.o(.text)
    TIM_CCxCmd                               0x0800232b   Thumb Code    34  stm32f10x_tim.o(.text)
    TIM_CCxNCmd                              0x0800234d   Thumb Code    34  stm32f10x_tim.o(.text)
    TIM_SelectOCxM                           0x0800236f   Thumb Code    82  stm32f10x_tim.o(.text)
    TIM_UpdateDisableConfig                  0x080023c1   Thumb Code    24  stm32f10x_tim.o(.text)
    TIM_UpdateRequestConfig                  0x080023d9   Thumb Code    24  stm32f10x_tim.o(.text)
    TIM_SelectHallSensor                     0x080023f1   Thumb Code    24  stm32f10x_tim.o(.text)
    TIM_SelectOnePulseMode                   0x08002409   Thumb Code    18  stm32f10x_tim.o(.text)
    TIM_SelectOutputTrigger                  0x0800241b   Thumb Code    18  stm32f10x_tim.o(.text)
    TIM_SelectSlaveMode                      0x0800242d   Thumb Code    18  stm32f10x_tim.o(.text)
    TIM_SelectMasterSlaveMode                0x0800243f   Thumb Code    18  stm32f10x_tim.o(.text)
    TIM_SetCounter                           0x08002451   Thumb Code     4  stm32f10x_tim.o(.text)
    TIM_SetAutoreload                        0x08002455   Thumb Code     4  stm32f10x_tim.o(.text)
    TIM_SetCompare1                          0x08002459   Thumb Code     4  stm32f10x_tim.o(.text)
    TIM_SetCompare2                          0x0800245d   Thumb Code     4  stm32f10x_tim.o(.text)
    TIM_SetCompare3                          0x08002461   Thumb Code     4  stm32f10x_tim.o(.text)
    TIM_SetCompare4                          0x08002465   Thumb Code     6  stm32f10x_tim.o(.text)
    TIM_SetClockDivision                     0x0800246b   Thumb Code    18  stm32f10x_tim.o(.text)
    TIM_GetCapture1                          0x0800247d   Thumb Code     6  stm32f10x_tim.o(.text)
    TIM_GetCapture2                          0x08002483   Thumb Code     6  stm32f10x_tim.o(.text)
    TIM_GetCapture3                          0x08002489   Thumb Code     6  stm32f10x_tim.o(.text)
    TIM_GetCapture4                          0x0800248f   Thumb Code     8  stm32f10x_tim.o(.text)
    TIM_GetCounter                           0x08002497   Thumb Code     6  stm32f10x_tim.o(.text)
    TIM_GetPrescaler                         0x0800249d   Thumb Code     6  stm32f10x_tim.o(.text)
    TIM_GetFlagStatus                        0x080024a3   Thumb Code    18  stm32f10x_tim.o(.text)
    TIM_ClearFlag                            0x080024b5   Thumb Code     6  stm32f10x_tim.o(.text)
    TIM_GetITStatus                          0x080024bb   Thumb Code    34  stm32f10x_tim.o(.text)
    TIM_ClearITPendingBit                    0x080024dd   Thumb Code     6  stm32f10x_tim.o(.text)
    USART_DeInit                             0x080024e5   Thumb Code   134  stm32f10x_usart.o(.text)
    USART_Init                               0x0800256b   Thumb Code   210  stm32f10x_usart.o(.text)
    USART_StructInit                         0x0800263d   Thumb Code    24  stm32f10x_usart.o(.text)
    USART_ClockInit                          0x08002655   Thumb Code    32  stm32f10x_usart.o(.text)
    USART_ClockStructInit                    0x08002675   Thumb Code    12  stm32f10x_usart.o(.text)
    USART_Cmd                                0x08002681   Thumb Code    24  stm32f10x_usart.o(.text)
    USART_ITConfig                           0x08002699   Thumb Code    72  stm32f10x_usart.o(.text)
    USART_DMACmd                             0x080026e1   Thumb Code    24  stm32f10x_usart.o(.text)
    USART_SetAddress                         0x080026f9   Thumb Code    18  stm32f10x_usart.o(.text)
    USART_WakeUpConfig                       0x0800270b   Thumb Code    18  stm32f10x_usart.o(.text)
    USART_ReceiverWakeUpCmd                  0x0800271d   Thumb Code    24  stm32f10x_usart.o(.text)
    USART_LINBreakDetectLengthConfig         0x08002735   Thumb Code    18  stm32f10x_usart.o(.text)
    USART_LINCmd                             0x08002747   Thumb Code    24  stm32f10x_usart.o(.text)
    USART_SendData                           0x0800275f   Thumb Code     8  stm32f10x_usart.o(.text)
    USART_ReceiveData                        0x08002767   Thumb Code    10  stm32f10x_usart.o(.text)
    USART_SendBreak                          0x08002771   Thumb Code    10  stm32f10x_usart.o(.text)
    USART_SetGuardTime                       0x0800277b   Thumb Code    16  stm32f10x_usart.o(.text)
    USART_SetPrescaler                       0x0800278b   Thumb Code    16  stm32f10x_usart.o(.text)
    USART_SmartCardCmd                       0x0800279b   Thumb Code    24  stm32f10x_usart.o(.text)
    USART_SmartCardNACKCmd                   0x080027b3   Thumb Code    24  stm32f10x_usart.o(.text)
    USART_HalfDuplexCmd                      0x080027cb   Thumb Code    24  stm32f10x_usart.o(.text)
    USART_OverSampling8Cmd                   0x080027e3   Thumb Code    22  stm32f10x_usart.o(.text)
    USART_OneBitMethodCmd                    0x080027f9   Thumb Code    24  stm32f10x_usart.o(.text)
    USART_IrDAConfig                         0x08002811   Thumb Code    18  stm32f10x_usart.o(.text)
    USART_IrDACmd                            0x08002823   Thumb Code    24  stm32f10x_usart.o(.text)
    USART_GetFlagStatus                      0x0800283b   Thumb Code    26  stm32f10x_usart.o(.text)
    USART_ClearFlag                          0x08002855   Thumb Code    18  stm32f10x_usart.o(.text)
    USART_GetITStatus                        0x08002867   Thumb Code    84  stm32f10x_usart.o(.text)
    USART_ClearITPendingBit                  0x080028bb   Thumb Code    50  stm32f10x_usart.o(.text)
    DIG_Init                                 0x080028ed   Thumb Code   118  digital.o(.text)
    HC595SendData                            0x08002963   Thumb Code    70  digital.o(.text)
    HC595ShowData                            0x080029a9   Thumb Code    32  digital.o(.text)
    ShowData                                 0x080029c9   Thumb Code   118  digital.o(.text)
    delay_init                               0x08002a65   Thumb Code    42  delay.o(.text)
    delay_us                                 0x08002a8f   Thumb Code    68  delay.o(.text)
    delay_ms                                 0x08002ad3   Thumb Code    70  delay.o(.text)
    _sys_exit                                0x08002b25   Thumb Code     6  usart.o(.text)
    fputc                                    0x08002b2b   Thumb Code    22  usart.o(.text)
    uart_init                                0x08002b41   Thumb Code   152  usart.o(.text)
    USART1_IRQHandler                        0x08002bd9   Thumb Code   124  usart.o(.text)
    Adc_Init                                 0x08002c65   Thumb Code   158  adc.o(.text)
    Get_Adc                                  0x08002d03   Thumb Code    46  adc.o(.text)
    Get_Adc_Average                          0x08002d31   Thumb Code    46  adc.o(.text)
    BEEP_Init                                0x08002d69   Thumb Code    50  beep.o(.text)
    RGB_Init                                 0x08002da1   Thumb Code   126  rgb.o(.text)
    TIM2_Int_Init                            0x08002e2d   Thumb Code    92  timer.o(.text)
    TIM2_IRQHandler                          0x08002e89   Thumb Code    38  timer.o(.text)
    TIM3_Int_Init                            0x08002eaf   Thumb Code   144  timer.o(.text)
    TIM3_IRQHandler                          0x08002f3f   Thumb Code    96  timer.o(.text)
    TIM4_Int_Init                            0x08002f9f   Thumb Code    90  timer.o(.text)
    TIM4_IRQHandler                          0x08002ff9   Thumb Code    60  timer.o(.text)
    __use_no_semihosting                     0x08003055   Thumb Code     2  use_no_semi_2.o(.text)
    __aeabi_memcpy4                          0x08003057   Thumb Code     0  rt_memcpy_w.o(.text)
    __aeabi_memcpy8                          0x08003057   Thumb Code     0  rt_memcpy_w.o(.text)
    __rt_memcpy_w                            0x08003057   Thumb Code   100  rt_memcpy_w.o(.text)
    _memcpy_lastbytes_aligned                0x0800309f   Thumb Code     0  rt_memcpy_w.o(.text)
    __use_two_region_memory                  0x080030bb   Thumb Code     2  heapauxi.o(.text)
    __rt_heap_escrow$2region                 0x080030bd   Thumb Code     2  heapauxi.o(.text)
    __rt_heap_expand$2region                 0x080030bf   Thumb Code     2  heapauxi.o(.text)
    __I$use$semihosting                      0x080030c1   Thumb Code     0  use_no_semi.o(.text)
    __use_no_semihosting_swi                 0x080030c1   Thumb Code     2  use_no_semi.o(.text)
    __read_errno                             0x080030c3   Thumb Code    10  _rserrno.o(.text)
    __set_errno                              0x080030cd   Thumb Code    12  _rserrno.o(.text)
    __aeabi_errno_addr                       0x080030d9   Thumb Code    12  rt_errno_addr_intlibspace.o(.text)
    __errno$intlibspace                      0x080030d9   Thumb Code     0  rt_errno_addr_intlibspace.o(.text)
    __rt_errno_addr$intlibspace              0x080030d9   Thumb Code     0  rt_errno_addr_intlibspace.o(.text)
    __user_libspace                          0x080030e5   Thumb Code     8  libspace.o(.text)
    __user_perproc_libspace                  0x080030e5   Thumb Code     0  libspace.o(.text)
    __user_perthread_libspace                0x080030e5   Thumb Code     0  libspace.o(.text)
    __user_setup_stackheap                   0x080030ed   Thumb Code    74  sys_stackheap_outer.o(.text)
    exit                                     0x08003137   Thumb Code    12  exit.o(.text)
    __kernel_poly                            0x08003143   Thumb Code   162  poly.o(i.__kernel_poly)
    copysign                                 0x080031e5   Thumb Code    10  pow.o(i.copysign)
    pow                                      0x080031f1   Thumb Code  2244  pow.o(i.pow)
    sqrt                                     0x08003b2d   Thumb Code    62  sqrt.o(i.sqrt)
    __aeabi_dadd                             0x08003b81   Thumb Code     0  daddsub_clz.o(x$fpl$dadd)
    _dadd                                    0x08003b81   Thumb Code   424  daddsub_clz.o(x$fpl$dadd)
    __fpl_inf_dadd                           0x08003cf3   Thumb Code     0  daddsub_clz.o(x$fpl$dadd)
    __fpl_dcheck_NaN2                        0x08003d39   Thumb Code    10  dcheck.o(x$fpl$dcheck)
    __fpl_dcheck_NaN1                        0x08003d49   Thumb Code    10  dcheck1.o(x$fpl$dcheck1)
    __fpl_dcmp_InfNaN                        0x08003d59   Thumb Code   120  dcmpin.o(x$fpl$dcmpinfnan)
    __fpl_inf_dcmp                           0x08003d7b   Thumb Code     0  dcmpin.o(x$fpl$dcmpinfnan)
    __aeabi_ddiv                             0x08003dd1   Thumb Code     0  ddiv.o(x$fpl$ddiv)
    _ddiv                                    0x08003dd1   Thumb Code   428  ddiv.o(x$fpl$ddiv)
    __fpl_inf_ddiv                           0x08003f45   Thumb Code     0  ddiv.o(x$fpl$ddiv)
    _ddiv_mantissas                          0x08003f7d   Thumb Code   324  ddiv.o(x$fpl$ddiv)
    __aeabi_cdcmpeq                          0x080041d1   Thumb Code     0  deqf.o(x$fpl$deqf)
    _dcmpeq                                  0x080041d1   Thumb Code   106  deqf.o(x$fpl$deqf)
    __aeabi_i2d                              0x08004241   Thumb Code     0  dflt_clz.o(x$fpl$dflt)
    _dflt                                    0x08004241   Thumb Code    44  dflt_clz.o(x$fpl$dflt)
    __dflt_normalise                         0x0800424f   Thumb Code     0  dflt_clz.o(x$fpl$dflt)
    __aeabi_ui2d                             0x0800426d   Thumb Code     0  dflt_clz.o(x$fpl$dfltu)
    _dfltu                                   0x0800426d   Thumb Code    10  dflt_clz.o(x$fpl$dfltu)
    __aeabi_cdcmple                          0x08004279   Thumb Code     0  dleqf.o(x$fpl$dleqf)
    _dcmple                                  0x08004279   Thumb Code   106  dleqf.o(x$fpl$dleqf)
    __aeabi_dmul                             0x080042e9   Thumb Code     0  dmul.o(x$fpl$dmul)
    _dmul                                    0x080042e9   Thumb Code   440  dmul.o(x$fpl$dmul)
    __fpl_inf_dmul                           0x08004473   Thumb Code     0  dmul.o(x$fpl$dmul)
    __aeabi_cdrcmple                         0x080044b1   Thumb Code     0  drleqf.o(x$fpl$drleqf)
    _drcmple                                 0x080044b1   Thumb Code   130  drleqf.o(x$fpl$drleqf)
    __aeabi_drsub                            0x08004539   Thumb Code     0  daddsub_clz.o(x$fpl$drsb)
    _drsb                                    0x08004539   Thumb Code    22  daddsub_clz.o(x$fpl$drsb)
    _dsqrt                                   0x08004551   Thumb Code   316  dsqrt.o(x$fpl$dsqrt)
    __fpl_inf_dsqrt                          0x08004679   Thumb Code     0  dsqrt.o(x$fpl$dsqrt)
    __aeabi_dsub                             0x08004695   Thumb Code     0  daddsub_clz.o(x$fpl$dsub)
    _dsub                                    0x08004695   Thumb Code   572  daddsub_clz.o(x$fpl$dsub)
    __fpl_inf_dsub                           0x08004899   Thumb Code     0  daddsub_clz.o(x$fpl$dsub)
    __dunder                                 0x080048dd   Thumb Code   234  dunder.o(x$fpl$dunder)
    __dunder_d                               0x080049c7   Thumb Code     2  dunder.o(x$fpl$dunder)
    __fpl_fcheck_NaN2                        0x080049c9   Thumb Code     6  fcheck.o(x$fpl$fcheck)
    __fpl_fcheck_NaN1                        0x080049d5   Thumb Code     6  fcheck1.o(x$fpl$fcheck1)
    __aeabi_fdiv                             0x080049e1   Thumb Code     0  fdiv.o(x$fpl$fdiv)
    _fdiv                                    0x080049e1   Thumb Code   476  fdiv.o(x$fpl$fdiv)
    __fpl_inf_fdiv                           0x08004b85   Thumb Code     0  fdiv.o(x$fpl$fdiv)
    __aeabi_f2uiz                            0x08004bc5   Thumb Code     0  ffixu.o(x$fpl$ffixu)
    _ffixu                                   0x08004bc5   Thumb Code    82  ffixu.o(x$fpl$ffixu)
    __fpl_inf_ffixu                          0x08004c11   Thumb Code     0  ffixu.o(x$fpl$ffixu)
    __aeabi_i2f                              0x08004c1d   Thumb Code     0  fflt_clz.o(x$fpl$fflt)
    _fflt                                    0x08004c1d   Thumb Code    50  fflt_clz.o(x$fpl$fflt)
    __fflt_normalise                         0x08004c29   Thumb Code     0  fflt_clz.o(x$fpl$fflt)
    __aeabi_fmul                             0x08004c51   Thumb Code     0  fmul.o(x$fpl$fmul)
    _fmul                                    0x08004c51   Thumb Code   258  fmul.o(x$fpl$fmul)
    __fpl_inf_fmul                           0x08004d3d   Thumb Code     0  fmul.o(x$fpl$fmul)
    __fpl_normalise2                         0x08004d59   Thumb Code    74  fnorm2_clz.o(x$fpl$fnorm2)
    __funder                                 0x08004da3   Thumb Code   132  funder.o(x$fpl$funder)
    __funder_d                               0x08004e27   Thumb Code     2  funder.o(x$fpl$funder)
    __fpl_return_NaN                         0x08004e29   Thumb Code   100  retnan.o(x$fpl$retnan)
    __ARM_scalbn                             0x08004e8d   Thumb Code     0  scalbn.o(x$fpl$scalbn)
    scalbn                                   0x08004e8d   Thumb Code    96  scalbn.o(x$fpl$scalbn)
    __fpl_inf_scalbn                         0x08004eeb   Thumb Code     0  scalbn.o(x$fpl$scalbn)
    __fpl_cmpreturn                          0x08004eed   Thumb Code    48  trapv.o(x$fpl$trapveneer)
    __I$use$fp                               0x08004f1d   Thumb Code     0  usenofp.o(x$fpl$usenofp)
    __mathlib_zero                           0x080051f0   Data           8  qnan.o(.constdata)
    Region$$Table$$Base                      0x080051f8   Number         0  anon$$obj.o(Region$$Table)
    Region$$Table$$Limit                     0x08005218   Number         0  anon$$obj.o(Region$$Table)
    SystemCoreClock                          0x20000000   Data           4  system_stm32f10x.o(.data)
    AHBPrescTable                            0x20000004   Data          16  system_stm32f10x.o(.data)
    m_delay                                  0x20000014   Data           2  main.o(.data)
    USART_RX_STA                             0x20000030   Data           2  usart.o(.data)
    __stdout                                 0x20000034   Data           4  usart.o(.data)
    countt                                   0x20000038   Data           2  timer.o(.data)
    countm                                   0x2000003a   Data           2  timer.o(.data)
    USART_RX_BUF                             0x2000003c   Data         200  usart.o(.bss)
    __libspace_start                         0x20000104   Data          96  libspace.o(.bss)
    __temporary_stack_top$libspace           0x20000164   Data           0  libspace.o(.bss)



==============================================================================

Memory Map of the image

  Image Entry point : 0x08000131

  Load Region LR_IROM1 (Base: 0x08000000, Size: 0x00005254, Max: 0x00040000, ABSOLUTE)

    Execution Region ER_IROM1 (Base: 0x08000000, Size: 0x00005218, Max: 0x00040000, ABSOLUTE)

    Base Addr    Size         Type   Attr      Idx    E Section Name        Object

    0x08000000   0x00000130   Data   RO          211    RESET               startup_stm32f10x_hd.o
    0x08000130   0x00000008   Code   RO          618  * !!!main             __main.o(c_w.l)
    0x08000138   0x00000034   Code   RO          861    !!!scatter          __scatter.o(c_w.l)
    0x0800016c   0x0000001a   Code   RO          863    !!handler_copy      __scatter_copy.o(c_w.l)
    0x08000186   0x00000002   PAD
    0x08000188   0x0000001c   Code   RO          865    !!handler_zi        __scatter_zi.o(c_w.l)
    0x080001a4   0x00000006   Code   RO          743    .ARM.Collect$$libinit$$00000000  libinit.o(c_w.l)
    0x080001aa   0x00000000   Code   RO          748    .ARM.Collect$$libinit$$00000006  libinit2.o(c_w.l)
    0x080001aa   0x00000000   Code   RO          750    .ARM.Collect$$libinit$$00000008  libinit2.o(c_w.l)
    0x080001aa   0x00000000   Code   RO          752    .ARM.Collect$$libinit$$0000000A  libinit2.o(c_w.l)
    0x080001aa   0x00000000   Code   RO          755    .ARM.Collect$$libinit$$0000000D  libinit2.o(c_w.l)
    0x080001aa   0x00000000   Code   RO          757    .ARM.Collect$$libinit$$0000000F  libinit2.o(c_w.l)
    0x080001aa   0x00000000   Code   RO          759    .ARM.Collect$$libinit$$00000011  libinit2.o(c_w.l)
    0x080001aa   0x00000000   Code   RO          761    .ARM.Collect$$libinit$$00000013  libinit2.o(c_w.l)
    0x080001aa   0x00000000   Code   RO          763    .ARM.Collect$$libinit$$00000015  libinit2.o(c_w.l)
    0x080001aa   0x00000000   Code   RO          765    .ARM.Collect$$libinit$$00000017  libinit2.o(c_w.l)
    0x080001aa   0x00000000   Code   RO          767    .ARM.Collect$$libinit$$00000019  libinit2.o(c_w.l)
    0x080001aa   0x00000000   Code   RO          769    .ARM.Collect$$libinit$$0000001B  libinit2.o(c_w.l)
    0x080001aa   0x00000000   Code   RO          771    .ARM.Collect$$libinit$$0000001D  libinit2.o(c_w.l)
    0x080001aa   0x00000000   Code   RO          773    .ARM.Collect$$libinit$$0000001F  libinit2.o(c_w.l)
    0x080001aa   0x00000000   Code   RO          775    .ARM.Collect$$libinit$$00000021  libinit2.o(c_w.l)
    0x080001aa   0x00000000   Code   RO          779    .ARM.Collect$$libinit$$00000028  libinit2.o(c_w.l)
    0x080001aa   0x00000000   Code   RO          781    .ARM.Collect$$libinit$$0000002A  libinit2.o(c_w.l)
    0x080001aa   0x00000000   Code   RO          783    .ARM.Collect$$libinit$$0000002C  libinit2.o(c_w.l)
    0x080001aa   0x00000000   Code   RO          785    .ARM.Collect$$libinit$$0000002E  libinit2.o(c_w.l)
    0x080001aa   0x00000002   Code   RO          786    .ARM.Collect$$libinit$$0000002F  libinit2.o(c_w.l)
    0x080001ac   0x00000002   Code   RO          805    .ARM.Collect$$libshutdown$$00000000  libshutdown.o(c_w.l)
    0x080001ae   0x00000000   Code   RO          816    .ARM.Collect$$libshutdown$$00000003  libshutdown2.o(c_w.l)
    0x080001ae   0x00000000   Code   RO          819    .ARM.Collect$$libshutdown$$00000006  libshutdown2.o(c_w.l)
    0x080001ae   0x00000000   Code   RO          822    .ARM.Collect$$libshutdown$$00000009  libshutdown2.o(c_w.l)
    0x080001ae   0x00000000   Code   RO          824    .ARM.Collect$$libshutdown$$0000000B  libshutdown2.o(c_w.l)
    0x080001ae   0x00000000   Code   RO          827    .ARM.Collect$$libshutdown$$0000000E  libshutdown2.o(c_w.l)
    0x080001ae   0x00000002   Code   RO          828    .ARM.Collect$$libshutdown$$0000000F  libshutdown2.o(c_w.l)
    0x080001b0   0x00000000   Code   RO          655    .ARM.Collect$$rtentry$$00000000  rtentry.o(c_w.l)
    0x080001b0   0x00000000   Code   RO          698    .ARM.Collect$$rtentry$$00000002  rtentry2.o(c_w.l)
    0x080001b0   0x00000006   Code   RO          713    .ARM.Collect$$rtentry$$00000004  rtentry4.o(c_w.l)
    0x080001b6   0x00000000   Code   RO          700    .ARM.Collect$$rtentry$$00000009  rtentry2.o(c_w.l)
    0x080001b6   0x00000004   Code   RO          701    .ARM.Collect$$rtentry$$0000000A  rtentry2.o(c_w.l)
    0x080001ba   0x00000000   Code   RO          703    .ARM.Collect$$rtentry$$0000000C  rtentry2.o(c_w.l)
    0x080001ba   0x00000008   Code   RO          704    .ARM.Collect$$rtentry$$0000000D  rtentry2.o(c_w.l)
    0x080001c2   0x00000000   Code   RO          744    .ARM.Collect$$rtexit$$00000000  rtexit.o(c_w.l)
    0x080001c2   0x00000000   Code   RO          790    .ARM.Collect$$rtexit$$00000002  rtexit2.o(c_w.l)
    0x080001c2   0x00000004   Code   RO          791    .ARM.Collect$$rtexit$$00000003  rtexit2.o(c_w.l)
    0x080001c6   0x00000004   Code   RO          792    .ARM.Collect$$rtexit$$00000004  rtexit2.o(c_w.l)
    0x080001ca   0x0000001a   Code   RO            1    .text               stm32f10x_it.o
    0x080001e4   0x000001c8   Code   RO          104    .text               system_stm32f10x.o
    0x080003ac   0x000007ac   Code   RO          122    .text               main.o
    0x08000b58   0x00000040   Code   RO          212    .text               startup_stm32f10x_hd.o
    0x08000b98   0x000000e0   Code   RO          216    .text               misc.o
    0x08000c78   0x0000042e   Code   RO          228    .text               stm32f10x_adc.o
    0x080010a6   0x00000002   PAD
    0x080010a8   0x00000348   Code   RO          360    .text               stm32f10x_gpio.o
    0x080013f0   0x00000390   Code   RO          408    .text               stm32f10x_rcc.o
    0x08001780   0x00000d62   Code   RO          458    .text               stm32f10x_tim.o
    0x080024e2   0x00000002   PAD
    0x080024e4   0x00000408   Code   RO          470    .text               stm32f10x_usart.o
    0x080028ec   0x00000178   Code   RO          494    .text               digital.o
    0x08002a64   0x000000c0   Code   RO          506    .text               delay.o
    0x08002b24   0x00000140   Code   RO          532    .text               usart.o
    0x08002c64   0x00000104   Code   RO          555    .text               adc.o
    0x08002d68   0x00000038   Code   RO          567    .text               beep.o
    0x08002da0   0x0000008c   Code   RO          579    .text               rgb.o
    0x08002e2c   0x00000228   Code   RO          591    .text               timer.o
    0x08003054   0x00000002   Code   RO          612    .text               use_no_semi_2.o(c_w.l)
    0x08003056   0x00000064   Code   RO          614    .text               rt_memcpy_w.o(c_w.l)
    0x080030ba   0x00000006   Code   RO          616    .text               heapauxi.o(c_w.l)
    0x080030c0   0x00000002   Code   RO          653    .text               use_no_semi.o(c_w.l)
    0x080030c2   0x00000016   Code   RO          657    .text               _rserrno.o(c_w.l)
    0x080030d8   0x0000000c   Code   RO          718    .text               rt_errno_addr_intlibspace.o(c_w.l)
    0x080030e4   0x00000008   Code   RO          730    .text               libspace.o(c_w.l)
    0x080030ec   0x0000004a   Code   RO          733    .text               sys_stackheap_outer.o(c_w.l)
    0x08003136   0x0000000c   Code   RO          735    .text               exit.o(c_w.l)
    0x08003142   0x000000a2   Code   RO          690    i.__kernel_poly     poly.o(m_ws.l)
    0x080031e4   0x0000000a   Code   RO          651    i.copysign          pow.o(m_ws.l)
    0x080031ee   0x00000002   PAD
    0x080031f0   0x0000093c   Code   RO          647    i.pow               pow.o(m_ws.l)
    0x08003b2c   0x00000054   Code   RO          694    i.sqrt              sqrt.o(m_ws.l)
    0x08003b80   0x000001b8   Code   RO          620    x$fpl$dadd          daddsub_clz.o(fz_ws.l)
    0x08003d38   0x00000010   Code   RO          659    x$fpl$dcheck        dcheck.o(fz_ws.l)
    0x08003d48   0x00000010   Code   RO          720    x$fpl$dcheck1       dcheck1.o(fz_ws.l)
    0x08003d58   0x00000078   Code   RO          661    x$fpl$dcmpinfnan    dcmpin.o(fz_ws.l)
    0x08003dd0   0x00000400   Code   RO          664    x$fpl$ddiv          ddiv.o(fz_ws.l)
    0x080041d0   0x00000070   Code   RO          626    x$fpl$deqf          deqf.o(fz_ws.l)
    0x08004240   0x0000002c   Code   RO          629    x$fpl$dflt          dflt_clz.o(fz_ws.l)
    0x0800426c   0x0000000a   Code   RO          628    x$fpl$dfltu         dflt_clz.o(fz_ws.l)
    0x08004276   0x00000002   PAD
    0x08004278   0x00000070   Code   RO          722    x$fpl$dleqf         dleqf.o(fz_ws.l)
    0x080042e8   0x000001c8   Code   RO          667    x$fpl$dmul          dmul.o(fz_ws.l)
    0x080044b0   0x00000088   Code   RO          669    x$fpl$drleqf        drleqf.o(fz_ws.l)
    0x08004538   0x00000016   Code   RO          621    x$fpl$drsb          daddsub_clz.o(fz_ws.l)
    0x0800454e   0x00000002   PAD
    0x08004550   0x00000144   Code   RO          724    x$fpl$dsqrt         dsqrt.o(fz_ws.l)
    0x08004694   0x00000248   Code   RO          622    x$fpl$dsub          daddsub_clz.o(fz_ws.l)
    0x080048dc   0x000000ec   Code   RO          671    x$fpl$dunder        dunder.o(fz_ws.l)
    0x080049c8   0x0000000c   Code   RO          673    x$fpl$fcheck        fcheck.o(fz_ws.l)
    0x080049d4   0x0000000c   Code   RO          675    x$fpl$fcheck1       fcheck1.o(fz_ws.l)
    0x080049e0   0x000001e4   Code   RO          633    x$fpl$fdiv          fdiv.o(fz_ws.l)
    0x08004bc4   0x00000058   Code   RO          636    x$fpl$ffixu         ffixu.o(fz_ws.l)
    0x08004c1c   0x00000032   Code   RO          641    x$fpl$fflt          fflt_clz.o(fz_ws.l)
    0x08004c4e   0x00000002   PAD
    0x08004c50   0x00000108   Code   RO          644    x$fpl$fmul          fmul.o(fz_ws.l)
    0x08004d58   0x0000004a   Code   RO          677    x$fpl$fnorm2        fnorm2_clz.o(fz_ws.l)
    0x08004da2   0x00000086   Code   RO          679    x$fpl$funder        funder.o(fz_ws.l)
    0x08004e28   0x00000064   Code   RO          726    x$fpl$retnan        retnan.o(fz_ws.l)
    0x08004e8c   0x00000060   Code   RO          684    x$fpl$scalbn        scalbn.o(fz_ws.l)
    0x08004eec   0x00000030   Code   RO          728    x$fpl$trapveneer    trapv.o(fz_ws.l)
    0x08004f1c   0x00000000   Code   RO          689    x$fpl$usenofp       usenofp.o(fz_ws.l)
    0x08004f1c   0x0000024c   Data   RO          123    .constdata          main.o
    0x08005168   0x00000088   Data   RO          648    .constdata          pow.o(m_ws.l)
    0x080051f0   0x00000008   Data   RO          692    .constdata          qnan.o(m_ws.l)
    0x080051f8   0x00000020   Data   RO          859    Region$$Table       anon$$obj.o


    Execution Region RW_IRAM1 (Base: 0x20000000, Size: 0x00000768, Max: 0x0000c000, ABSOLUTE)

    Base Addr    Size         Type   Attr      Idx    E Section Name        Object

    0x20000000   0x00000014   Data   RW          105    .data               system_stm32f10x.o
    0x20000014   0x00000002   Data   RW          124    .data               main.o
    0x20000016   0x00000014   Data   RW          409    .data               stm32f10x_rcc.o
    0x2000002a   0x00000004   Data   RW          507    .data               delay.o
    0x2000002e   0x00000002   PAD
    0x20000030   0x00000008   Data   RW          534    .data               usart.o
    0x20000038   0x00000004   Data   RW          592    .data               timer.o
    0x2000003c   0x000000c8   Zero   RW          533    .bss                usart.o
    0x20000104   0x00000060   Zero   RW          731    .bss                libspace.o(c_w.l)
    0x20000164   0x00000004   PAD
    0x20000168   0x00000200   Zero   RW          210    HEAP                startup_stm32f10x_hd.o
    0x20000368   0x00000400   Zero   RW          209    STACK               startup_stm32f10x_hd.o


==============================================================================

Image component sizes


      Code (inc. data)   RO Data    RW Data    ZI Data      Debug   Object Name

       260         10          0          0          0       1055   adc.o
        56          6          0          0          0        428   beep.o
         0          0          0          0          0         20   core_cm3.o
       192         12          0          4          0        903   delay.o
       376         38          0          0          0       1328   digital.o
      1964        104        588          2          0     217848   main.o
       224         20          0          0          0       1677   misc.o
       140         14          0          0          0        459   rgb.o
        64         26        304          0       1536        448   startup_stm32f10x_hd.o
      1070         28          0          0          0      10757   stm32f10x_adc.o
       840         38          0          0          0       5565   stm32f10x_gpio.o
        26          0          0          0          0      48590   stm32f10x_it.o
       912         32          0         20          0       8640   stm32f10x_rcc.o
      3426         84          0          0          0      22272   stm32f10x_tim.o
      1032         20          0          0          0       8316   stm32f10x_usart.o
       456         36          0         20          0       1567   system_stm32f10x.o
       552         32          0          4          0       2000   timer.o
       320         16          0          8        200       2902   usart.o

    ----------------------------------------------------------------------
     11914        516        924         60       1736     334775   Object Totals
         0          0         32          0          0          0   (incl. Generated)
         4          0          0          2          0          3   (incl. Padding)

    ----------------------------------------------------------------------

      Code (inc. data)   RO Data    RW Data    ZI Data      Debug   Library Member Name

         8          0          0          0          0         68   __main.o
        52          8          0          0          0          0   __scatter.o
        26          0          0          0          0          0   __scatter_copy.o
        28          0          0          0          0          0   __scatter_zi.o
        22          0          0          0          0         96   _rserrno.o
      1046         28          0          0          0        320   daddsub_clz.o
        16          6          0          0          0         68   dcheck.o
        16          6          0          0          0         68   dcheck1.o
       120          0          0          0          0         84   dcmpin.o
      1024        272          0          0          0        160   ddiv.o
       112          6          0          0          0         68   deqf.o
        54          0          0          0          0        136   dflt_clz.o
       112          6          0          0          0         68   dleqf.o
       456         16          0          0          0        100   dmul.o
       136          6          0          0          0         68   drleqf.o
       324          8          0          0          0        100   dsqrt.o
       236          0          0          0          0         92   dunder.o
        12          0          0          0          0         68   exit.o
        12          6          0          0          0         68   fcheck.o
        12          6          0          0          0         68   fcheck1.o
       484         76          0          0          0         76   fdiv.o
        88          6          0          0          0         68   ffixu.o
        50          0          0          0          0         68   fflt_clz.o
       264          6          0          0          0         68   fmul.o
        74          0          0          0          0         84   fnorm2_clz.o
       134          0          0          0          0         84   funder.o
         6          0          0          0          0        148   heapauxi.o
         6          0          0          0          0          0   libinit.o
         2          0          0          0          0          0   libinit2.o
         2          0          0          0          0          0   libshutdown.o
         2          0          0          0          0          0   libshutdown2.o
         8          4          0          0         96         68   libspace.o
       162          0          0          0          0         96   poly.o
      2374        256        136          0          0        276   pow.o
         0          0          8          0          0          0   qnan.o
       100          0          0          0          0         68   retnan.o
        12          6          0          0          0         68   rt_errno_addr_intlibspace.o
       100          0          0          0          0         80   rt_memcpy_w.o
         0          0          0          0          0          0   rtentry.o
        12          0          0          0          0          0   rtentry2.o
         6          0          0          0          0          0   rtentry4.o
         0          0          0          0          0          0   rtexit.o
         8          0          0          0          0          0   rtexit2.o
        96          0          0          0          0         68   scalbn.o
        84         22          0          0          0         84   sqrt.o
        74          0          0          0          0         80   sys_stackheap_outer.o
        48          0          0          0          0         68   trapv.o
         2          0          0          0          0         68   use_no_semi.o
         2          0          0          0          0         68   use_no_semi_2.o
         0          0          0          0          0          0   usenofp.o

    ----------------------------------------------------------------------
      8034        750        144          0        100       3388   Library Totals
        10          0          0          0          4          0   (incl. Padding)

    ----------------------------------------------------------------------

      Code (inc. data)   RO Data    RW Data    ZI Data      Debug   Library Name

       390         18          0          0         96        812   c_w.l
      5014        454          0          0          0       2120   fz_ws.l
      2620        278        144          0          0        456   m_ws.l

    ----------------------------------------------------------------------
      8034        750        144          0        100       3388   Library Totals

    ----------------------------------------------------------------------

==============================================================================


      Code (inc. data)   RO Data    RW Data    ZI Data      Debug   

     19948       1266       1068         60       1836     334916   Grand Totals
     19948       1266       1068         60       1836     334916   ELF Image Totals
     19948       1266       1068         60          0          0   ROM Totals

==============================================================================

    Total RO  Size (Code + RO Data)                21016 (  20.52kB)
    Total RW  Size (RW Data + ZI Data)              1896 (   1.85kB)
    Total ROM Size (Code + RO Data + RW Data)      21076 (  20.58kB)

==============================================================================

